ASxxxx Linker V03.00 + NoICE + sdld,  page 1.
Hexadecimal  [32-Bits]

Area                       Addr        Size        Decimal Bytes (Attributes)
--------------------       ----        ----        ------- ----- ------------
.  .ABS.               00000000    00000000 =           0. bytes (ABS,CON)

        Value  Global            Value  Global            Value  Global    
        -----  ------            -----  ------            -----  ------    
     00000000  .__.ABS.  |    00000000  _rRAMG    |    00000000  l__BASE  
     00000000  l__BSS    |    00000000  l__CABS   |    00000000  l__CODE_0
     00000000  l__DABS   |    00000000  l__HEADER |    00000000  l__HEAP  
     00000000  l__HEAP_E |    00000000  l__HRAM   |    00000000  l__LIT   
     00000000  s__CABS   |    00000000  s__DABS   |    00000000  s__HEADER
     00000000  s__HEADER |    00000000  s__HEADER |    00000000  s__HEADER
     00000000  s__HEADER |    00000000  s__HEADER |    00000000  s__HEADER
     00000000  s__HEADER |    00000000  s__HEADER |    00000000  s__HEADER
     00000000  s__HEADER |    00000000  s__HEADER |    00000000  s__HEADER
     00000000  s__HEADER |    00000000  s__HEADER |    00000000  s__HEADER
     00000000  s__HEADER |    00000000  s__HEADER |    00000000  s__HEADER
     00000000  s__HRAM   |    00000000  s__HRAM12 |    00000001  l__GSFINA
     00000001  l__HEADER |    00000001  l__HEADER |    00000001  l__HEADER
     00000001  l__HEADER |    00000001  l__HEADER |    00000001  l__HEADER
     00000001  l__HEADER |    00000002  l__HEADER |    00000002  l__HEADER
     00000002  l__HEADER |    00000003  l__HEADER |    00000003  l__HRAM12
     00000005  l__HEADER |    00000006  l__HEADER |    00000007  l__HEADER
     00000008  l__HEADER |    0000000C  l__GSINIT |    00000030  l__HEADER
     0000004C  l__HEADER |    00000084  l__HEADER |    000000A0  l__INITIA
     000000A0  l__INITIA |    00000145  l__HOME   |    00000200  s__CODE  
     00000786  l__DATA   |    0000168C  l__CODE   |    0000188C  s__HOME  
     000019D1  s__BASE   |    000019D1  s__CODE_0 |    000019D1  s__INITIA
     000019D1  s__LIT    |    00001A71  s__GSINIT |    00001A7D  s__GSFINA
     00002000  _rROMB0   |    00003000  _rROMB1   |    00004000  _rRAMB   
     00008000  __VRAM    |    00008000  __VRAM800 |    00008800  __VRAM880
     00009000  __VRAM900 |    00009800  __SCRN0   |    00009C00  __SCRN1  
     0000A000  __SRAM    |    0000C000  __RAM     |    0000C000  _shadow_O
     0000C0A0  s__DATA   |    0000C826  s__BSS    |    0000C826  s__INITIA
     0000C8C6  s__HEAP   |    0000C8C6  s__HEAP_E |    0000D000  __RAMBANK
     0000E000  .STACK    |    0000FE00  __OAMRAM  |    0000FF00  _P1_REG  
     0000FF00  __IO      |    0000FF01  _SB_REG   |    0000FF02  _SC_REG  
     0000FF04  _DIV_REG  |    0000FF05  _TIMA_REG |    0000FF06  _TMA_REG 
     0000FF07  _TAC_REG  |    0000FF0F  _IF_REG   |    0000FF10  _NR10_REG
     0000FF11  _NR11_REG |    0000FF12  _NR12_REG |    0000FF13  _NR13_REG
     0000FF14  _NR14_REG |    0000FF16  _NR21_REG |    0000FF17  _NR22_REG
     0000FF18  _NR23_REG |    0000FF19  _NR24_REG |    0000FF1A  _NR30_REG
     0000FF1B  _NR31_REG |    0000FF1C  _NR32_REG |    0000FF1D  _NR33_REG
     0000FF1E  _NR34_REG |    0000FF20  _NR41_REG |    0000FF21  _NR42_REG
     0000FF22  _NR43_REG |    0000FF23  _NR44_REG |    0000FF24  _NR50_REG
     0000FF25  _NR51_REG |    0000FF26  _NR52_REG |    0000FF30  _AUD3WAVE
     0000FF30  _PCM_SAMP |    0000FF30  __AUD3WAV |    0000FF40  _LCDC_REG
     0000FF41  _STAT_REG |    0000FF42  _SCY_REG  |    0000FF43  _SCX_REG 
     0000FF44  _LY_REG   |    0000FF45  _LYC_REG  |    0000FF46  _DMA_REG 
     0000FF47  _BGP_REG  |    0000FF48  _OBP0_REG |    0000FF49  _OBP1_REG
     0000FF4A  _WY_REG   |    0000FF4B  _WX_REG   |    0000FF4D  _KEY1_REG
     0000FF4F  _VBK_REG  |    0000FF51  _HDMA1_RE |    0000FF52  _HDMA2_RE
     0000FF53  _HDMA3_RE |    0000FF54  _HDMA4_RE |    0000FF55  _HDMA5_RE
     0000FF56  _RP_REG   |    0000FF68  _BCPS_REG |    0000FF69  _BCPD_REG
     0000FF6A  _OCPS_REG |    0000FF6B  _OCPD_REG |    0000FF70  _SVBK_REG
     0000FF76  _PCM12_RE |    0000FF77  _PCM34_RE |    0000FF80  .refresh_
ASxxxx Linker V03.00 + NoICE + sdld,  page 2.
Hexadecimal  [32-Bits]

Area                       Addr        Size        Decimal Bytes (Attributes)
--------------------       ----        ----        ------- ----- ------------
.  .ABS.               00000000    00000000 =           0. bytes (ABS,CON)

        Value  Global            Value  Global            Value  Global    
        -----  ------            -----  ------            -----  ------    
     0000FF80  __HRAM    |    0000FFFF  _IE_REG  
ASxxxx Linker V03.00 + NoICE + sdld,  page 3.
Hexadecimal  [32-Bits]

Area                       Addr        Size        Decimal Bytes (Attributes)
--------------------       ----        ----        ------- ----- ------------
_CODE                  00000200    0000168C =        5772. bytes (REL,CON)

        Value  Global            Value  Global            Value  Global    
        -----  ------            -----  ------            -----  ------    
     00000200  A$lcc8629 |    00000200  C$main.c$ |    00000200  G$randomI
     00000200  _randomIn |    00000201  A$lcc8629 |    00000202  A$lcc8629
     00000202  C$main.c$ |    00000203  A$lcc8629 |    00000204  A$lcc8629
     00000207  A$lcc8629 |    00000208  A$lcc8629 |    00000209  A$lcc8629
     0000020A  A$lcc8629 |    0000020C  A$lcc8629 |    0000020D  A$lcc8629
     0000020F  A$lcc8629 |    00000210  A$lcc8629 |    00000211  A$lcc8629
     00000212  A$lcc8629 |    00000213  A$lcc8629 |    00000214  A$lcc8629
     00000215  A$lcc8629 |    00000216  A$lcc8629 |    00000218  A$lcc8629
     00000219  A$lcc8629 |    0000021A  A$lcc8629 |    0000021D  A$lcc8629
     0000021E  A$lcc8629 |    0000021F  A$lcc8629 |    00000220  A$lcc8629
     00000220  C$main.c$ |    00000220  XG$random |    00000221  A$lcc8629
     00000221  C$main.c$ |    00000221  G$closest |    00000221  _closestP
     00000223  A$lcc8629 |    00000225  A$lcc8629 |    00000226  A$lcc8629
     00000227  A$lcc8629 |    00000227  C$main.c$ |    00000228  A$lcc8629
     00000229  A$lcc8629 |    0000022C  A$lcc8629 |    0000022D  A$lcc8629
     0000022E  A$lcc8629 |    0000022F  A$lcc8629 |    00000230  A$lcc8629
     00000231  A$lcc8629 |    00000233  A$lcc8629 |    00000234  A$lcc8629
     00000235  A$lcc8629 |    00000236  A$lcc8629 |    00000237  A$lcc8629
     00000238  A$lcc8629 |    00000239  A$lcc8629 |    0000023A  A$lcc8629
     0000023B  A$lcc8629 |    0000023C  A$lcc8629 |    0000023F  A$lcc8629
     00000240  A$lcc8629 |    00000241  A$lcc8629 |    00000242  A$lcc8629
     00000243  A$lcc8629 |    00000244  A$lcc8629 |    00000245  A$lcc8629
     00000248  A$lcc8629 |    00000249  A$lcc8629 |    0000024A  A$lcc8629
     0000024B  A$lcc8629 |    0000024D  A$lcc8629 |    0000024E  A$lcc8629
     0000024F  A$lcc8629 |    00000250  A$lcc8629 |    00000252  A$lcc8629
     00000253  A$lcc8629 |    00000255  A$lcc8629 |    00000256  A$lcc8629
     00000258  A$lcc8629 |    0000025B  A$lcc8629 |    0000025B  C$main.c$
     0000025C  A$lcc8629 |    0000025E  A$lcc8629 |    0000025F  A$lcc8629
     00000260  A$lcc8629 |    00000261  A$lcc8629 |    00000262  A$lcc8629
     00000263  A$lcc8629 |    00000264  A$lcc8629 |    00000267  A$lcc8629
     00000268  A$lcc8629 |    00000269  A$lcc8629 |    0000026A  A$lcc8629
     0000026C  A$lcc8629 |    0000026D  A$lcc8629 |    0000026E  A$lcc8629
     0000026F  A$lcc8629 |    00000271  A$lcc8629 |    00000272  A$lcc8629
     00000273  A$lcc8629 |    00000274  A$lcc8629 |    00000275  A$lcc8629
     00000278  A$lcc8629 |    00000279  A$lcc8629 |    0000027A  A$lcc8629
     0000027B  A$lcc8629 |    0000027C  A$lcc8629 |    0000027E  A$lcc8629
     0000027F  A$lcc8629 |    00000280  A$lcc8629 |    00000282  A$lcc8629
     00000284  A$lcc8629 |    00000285  A$lcc8629 |    00000286  A$lcc8629
     00000287  A$lcc8629 |    00000288  A$lcc8629 |    00000289  A$lcc8629
     0000028B  A$lcc8629 |    0000028C  A$lcc8629 |    0000028D  A$lcc8629
     0000028E  A$lcc8629 |    0000028F  A$lcc8629 |    00000290  A$lcc8629
     00000291  A$lcc8629 |    00000292  A$lcc8629 |    00000294  A$lcc8629
     00000296  A$lcc8629 |    00000297  A$lcc8629 |    00000299  A$lcc8629
     0000029A  A$lcc8629 |    0000029C  A$lcc8629 |    0000029E  A$lcc8629
     000002A0  A$lcc8629 |    000002A2  A$lcc8629 |    000002A3  A$lcc8629
     000002A5  A$lcc8629 |    000002A7  A$lcc8629 |    000002A9  A$lcc8629
     000002AA  A$lcc8629 |    000002AC  A$lcc8629 |    000002AC  C$main.c$
     000002AE  A$lcc8629 |    000002AF  A$lcc8629 |    000002B0  A$lcc8629
     000002B1  A$lcc8629 |    000002B4  A$lcc8629 |    000002B5  A$lcc8629
     000002B6  A$lcc8629 |    000002B7  A$lcc8629 |    000002B9  A$lcc8629
ASxxxx Linker V03.00 + NoICE + sdld,  page 4.
Hexadecimal  [32-Bits]

Area                       Addr        Size        Decimal Bytes (Attributes)
--------------------       ----        ----        ------- ----- ------------
_CODE                  00000200    0000168C =        5772. bytes (REL,CON)

        Value  Global            Value  Global            Value  Global    
        -----  ------            -----  ------            -----  ------    
     000002BA  A$lcc8629 |    000002BB  A$lcc8629 |    000002BC  A$lcc8629
     000002BE  A$lcc8629 |    000002BF  A$lcc8629 |    000002C0  A$lcc8629
     000002C1  A$lcc8629 |    000002C2  A$lcc8629 |    000002C3  A$lcc8629
     000002C4  A$lcc8629 |    000002C6  A$lcc8629 |    000002C7  A$lcc8629
     000002C8  A$lcc8629 |    000002CB  A$lcc8629 |    000002CC  A$lcc8629
     000002CD  A$lcc8629 |    000002CE  A$lcc8629 |    000002CF  A$lcc8629
     000002D0  A$lcc8629 |    000002D2  A$lcc8629 |    000002D3  A$lcc8629
     000002D4  A$lcc8629 |    000002D5  A$lcc8629 |    000002D6  A$lcc8629
     000002D7  A$lcc8629 |    000002D8  A$lcc8629 |    000002D9  A$lcc8629
     000002DB  A$lcc8629 |    000002DD  A$lcc8629 |    000002DE  A$lcc8629
     000002E0  A$lcc8629 |    000002E1  A$lcc8629 |    000002E3  A$lcc8629
     000002E5  A$lcc8629 |    000002E7  A$lcc8629 |    000002E9  A$lcc8629
     000002EA  A$lcc8629 |    000002EC  A$lcc8629 |    000002EE  A$lcc8629
     000002F0  A$lcc8629 |    000002F1  A$lcc8629 |    000002F3  A$lcc8629
     000002F3  C$main.c$ |    000002F4  A$lcc8629 |    000002F5  A$lcc8629
     000002F8  A$lcc8629 |    000002F9  A$lcc8629 |    000002FA  A$lcc8629
     000002FB  A$lcc8629 |    000002FD  A$lcc8629 |    000002FE  A$lcc8629
     000002FF  A$lcc8629 |    000002FF  C$main.c$ |    00000300  A$lcc8629
     00000301  A$lcc8629 |    00000304  A$lcc8629 |    00000305  A$lcc8629
     00000306  A$lcc8629 |    00000307  A$lcc8629 |    00000309  A$lcc8629
     0000030A  A$lcc8629 |    0000030B  A$lcc8629 |    0000030C  A$lcc8629
     0000030D  A$lcc8629 |    0000030E  A$lcc8629 |    0000030E  C$main.c$
     00000310  A$lcc8629 |    00000311  A$lcc8629 |    00000314  A$lcc8629
     00000315  A$lcc8629 |    00000315  C$main.c$ |    00000317  A$lcc8629
     00000319  A$lcc8629 |    0000031A  A$lcc8629 |    0000031C  A$lcc8629
     0000031C  C$main.c$ |    0000031E  A$lcc8629 |    0000031F  A$lcc8629
     00000320  A$lcc8629 |    00000321  A$lcc8629 |    00000321  C$main.c$
     00000321  G$closest |    00000321  _closestA |    00000323  A$lcc8629
     00000325  A$lcc8629 |    00000326  A$lcc8629 |    00000327  A$lcc8629
     00000327  C$main.c$ |    00000328  A$lcc8629 |    00000329  A$lcc8629
     0000032C  A$lcc8629 |    0000032C  C$main.c$ |    0000032E  A$lcc8629
     0000032F  A$lcc8629 |    00000330  A$lcc8629 |    00000333  A$lcc8629
     00000335  A$lcc8629 |    00000336  A$lcc8629 |    00000337  A$lcc8629
     0000033A  A$lcc8629 |    0000033A  C$main.c$ |    0000033C  A$lcc8629
     0000033D  A$lcc8629 |    0000033E  A$lcc8629 |    0000033F  A$lcc8629
     00000341  A$lcc8629 |    00000342  A$lcc8629 |    00000343  A$lcc8629
     00000344  A$lcc8629 |    00000345  A$lcc8629 |    00000346  A$lcc8629
     00000347  A$lcc8629 |    00000348  A$lcc8629 |    00000349  A$lcc8629
     0000034A  A$lcc8629 |    0000034D  A$lcc8629 |    0000034E  A$lcc8629
     0000034F  A$lcc8629 |    00000350  A$lcc8629 |    00000351  A$lcc8629
     00000352  A$lcc8629 |    00000353  A$lcc8629 |    00000356  A$lcc8629
     00000357  A$lcc8629 |    00000358  A$lcc8629 |    00000359  A$lcc8629
     0000035B  A$lcc8629 |    0000035C  A$lcc8629 |    0000035D  A$lcc8629
     0000035E  A$lcc8629 |    00000360  A$lcc8629 |    00000361  A$lcc8629
     00000363  A$lcc8629 |    00000364  A$lcc8629 |    00000366  A$lcc8629
     00000369  A$lcc8629 |    00000369  C$main.c$ |    0000036A  A$lcc8629
     0000036C  A$lcc8629 |    0000036D  A$lcc8629 |    0000036E  A$lcc8629
     0000036F  A$lcc8629 |    00000370  A$lcc8629 |    00000371  A$lcc8629
     00000372  A$lcc8629 |    00000373  A$lcc8629 |    00000376  A$lcc8629
     00000377  A$lcc8629 |    00000378  A$lcc8629 |    00000379  A$lcc8629
     0000037B  A$lcc8629 |    0000037C  A$lcc8629 |    0000037D  A$lcc8629
ASxxxx Linker V03.00 + NoICE + sdld,  page 5.
Hexadecimal  [32-Bits]

Area                       Addr        Size        Decimal Bytes (Attributes)
--------------------       ----        ----        ------- ----- ------------
_CODE                  00000200    0000168C =        5772. bytes (REL,CON)

        Value  Global            Value  Global            Value  Global    
        -----  ------            -----  ------            -----  ------    
     0000037E  A$lcc8629 |    00000380  A$lcc8629 |    00000381  A$lcc8629
     00000382  A$lcc8629 |    00000383  A$lcc8629 |    00000384  A$lcc8629
     00000387  A$lcc8629 |    00000388  A$lcc8629 |    00000389  A$lcc8629
     0000038A  A$lcc8629 |    0000038B  A$lcc8629 |    0000038D  A$lcc8629
     0000038E  A$lcc8629 |    0000038F  A$lcc8629 |    00000391  A$lcc8629
     00000393  A$lcc8629 |    00000394  A$lcc8629 |    00000395  A$lcc8629
     00000396  A$lcc8629 |    00000397  A$lcc8629 |    00000398  A$lcc8629
     0000039A  A$lcc8629 |    0000039B  A$lcc8629 |    0000039C  A$lcc8629
     0000039D  A$lcc8629 |    0000039E  A$lcc8629 |    0000039F  A$lcc8629
     000003A0  A$lcc8629 |    000003A1  A$lcc8629 |    000003A3  A$lcc8629
     000003A5  A$lcc8629 |    000003A6  A$lcc8629 |    000003A8  A$lcc8629
     000003A9  A$lcc8629 |    000003AB  A$lcc8629 |    000003AD  A$lcc8629
     000003AF  A$lcc8629 |    000003B1  A$lcc8629 |    000003B2  A$lcc8629
     000003B4  A$lcc8629 |    000003B6  A$lcc8629 |    000003B8  A$lcc8629
     000003B9  A$lcc8629 |    000003BB  A$lcc8629 |    000003BB  C$main.c$
     000003BD  A$lcc8629 |    000003BE  A$lcc8629 |    000003BF  A$lcc8629
     000003C0  A$lcc8629 |    000003C3  A$lcc8629 |    000003C4  A$lcc8629
     000003C5  A$lcc8629 |    000003C6  A$lcc8629 |    000003C8  A$lcc8629
     000003C9  A$lcc8629 |    000003CA  A$lcc8629 |    000003CB  A$lcc8629
     000003CD  A$lcc8629 |    000003CE  A$lcc8629 |    000003CF  A$lcc8629
     000003D0  A$lcc8629 |    000003D1  A$lcc8629 |    000003D2  A$lcc8629
     000003D3  A$lcc8629 |    000003D5  A$lcc8629 |    000003D6  A$lcc8629
     000003D7  A$lcc8629 |    000003DA  A$lcc8629 |    000003DB  A$lcc8629
     000003DC  A$lcc8629 |    000003DD  A$lcc8629 |    000003DE  A$lcc8629
     000003DF  A$lcc8629 |    000003E1  A$lcc8629 |    000003E2  A$lcc8629
     000003E3  A$lcc8629 |    000003E4  A$lcc8629 |    000003E5  A$lcc8629
     000003E6  A$lcc8629 |    000003E7  A$lcc8629 |    000003E8  A$lcc8629
     000003EA  A$lcc8629 |    000003EC  A$lcc8629 |    000003ED  A$lcc8629
     000003EF  A$lcc8629 |    000003F0  A$lcc8629 |    000003F2  A$lcc8629
     000003F4  A$lcc8629 |    000003F6  A$lcc8629 |    000003F8  A$lcc8629
     000003F9  A$lcc8629 |    000003FB  A$lcc8629 |    000003FD  A$lcc8629
     000003FF  A$lcc8629 |    00000400  A$lcc8629 |    00000402  A$lcc8629
     00000402  C$main.c$ |    00000403  A$lcc8629 |    00000404  A$lcc8629
     00000407  A$lcc8629 |    00000408  A$lcc8629 |    00000409  A$lcc8629
     0000040A  A$lcc8629 |    0000040C  A$lcc8629 |    0000040D  A$lcc8629
     0000040E  A$lcc8629 |    0000040E  C$main.c$ |    0000040F  A$lcc8629
     00000410  A$lcc8629 |    00000413  A$lcc8629 |    00000414  A$lcc8629
     00000415  A$lcc8629 |    00000416  A$lcc8629 |    00000418  A$lcc8629
     00000419  A$lcc8629 |    0000041A  A$lcc8629 |    0000041B  A$lcc8629
     0000041C  A$lcc8629 |    0000041D  A$lcc8629 |    0000041D  C$main.c$
     0000041F  A$lcc8629 |    00000420  A$lcc8629 |    00000423  A$lcc8629
     00000423  C$main.c$ |    00000424  A$lcc8629 |    00000424  C$main.c$
     00000426  A$lcc8629 |    00000428  A$lcc8629 |    00000429  A$lcc8629
     0000042B  A$lcc8629 |    0000042B  C$main.c$ |    0000042D  A$lcc8629
     0000042E  A$lcc8629 |    0000042F  A$lcc8629 |    00000430  A$lcc8629
     00000430  C$main.c$ |    00000430  G$avoidCl |    00000430  _avoidClo
     00000432  A$lcc8629 |    00000434  A$lcc8629 |    00000435  A$lcc8629
     00000436  A$lcc8629 |    00000436  C$main.c$ |    00000437  A$lcc8629
     00000438  A$lcc8629 |    0000043B  A$lcc8629 |    0000043B  C$main.c$
     0000043D  A$lcc8629 |    0000043E  A$lcc8629 |    0000043F  A$lcc8629
     00000442  A$lcc8629 |    00000442  C$main.c$ |    00000444  A$lcc8629
ASxxxx Linker V03.00 + NoICE + sdld,  page 6.
Hexadecimal  [32-Bits]

Area                       Addr        Size        Decimal Bytes (Attributes)
--------------------       ----        ----        ------- ----- ------------
_CODE                  00000200    0000168C =        5772. bytes (REL,CON)

        Value  Global            Value  Global            Value  Global    
        -----  ------            -----  ------            -----  ------    
     00000445  A$lcc8629 |    00000446  A$lcc8629 |    00000447  A$lcc8629
     00000449  A$lcc8629 |    0000044A  A$lcc8629 |    0000044B  A$lcc8629
     0000044C  A$lcc8629 |    0000044D  A$lcc8629 |    0000044E  A$lcc8629
     0000044F  A$lcc8629 |    00000450  A$lcc8629 |    00000451  A$lcc8629
     00000452  A$lcc8629 |    00000455  A$lcc8629 |    00000456  A$lcc8629
     00000457  A$lcc8629 |    00000458  A$lcc8629 |    00000459  A$lcc8629
     0000045A  A$lcc8629 |    0000045B  A$lcc8629 |    0000045E  A$lcc8629
     0000045F  A$lcc8629 |    00000460  A$lcc8629 |    00000461  A$lcc8629
     00000463  A$lcc8629 |    00000464  A$lcc8629 |    00000465  A$lcc8629
     00000466  A$lcc8629 |    00000468  A$lcc8629 |    00000469  A$lcc8629
     0000046B  A$lcc8629 |    0000046C  A$lcc8629 |    0000046E  A$lcc8629
     00000471  A$lcc8629 |    00000471  C$main.c$ |    00000472  A$lcc8629
     00000474  A$lcc8629 |    00000475  A$lcc8629 |    00000476  A$lcc8629
     00000477  A$lcc8629 |    00000478  A$lcc8629 |    00000479  A$lcc8629
     0000047A  A$lcc8629 |    0000047B  A$lcc8629 |    0000047E  A$lcc8629
     0000047F  A$lcc8629 |    00000480  A$lcc8629 |    00000481  A$lcc8629
     00000483  A$lcc8629 |    00000484  A$lcc8629 |    00000485  A$lcc8629
     00000486  A$lcc8629 |    00000488  A$lcc8629 |    00000489  A$lcc8629
     0000048A  A$lcc8629 |    0000048B  A$lcc8629 |    0000048C  A$lcc8629
     0000048F  A$lcc8629 |    00000490  A$lcc8629 |    00000491  A$lcc8629
     00000492  A$lcc8629 |    00000493  A$lcc8629 |    00000495  A$lcc8629
     00000496  A$lcc8629 |    00000497  A$lcc8629 |    00000499  A$lcc8629
     0000049B  A$lcc8629 |    0000049C  A$lcc8629 |    0000049D  A$lcc8629
     0000049E  A$lcc8629 |    0000049F  A$lcc8629 |    000004A0  A$lcc8629
     000004A2  A$lcc8629 |    000004A3  A$lcc8629 |    000004A4  A$lcc8629
     000004A5  A$lcc8629 |    000004A6  A$lcc8629 |    000004A7  A$lcc8629
     000004A8  A$lcc8629 |    000004A9  A$lcc8629 |    000004AB  A$lcc8629
     000004AD  A$lcc8629 |    000004AE  A$lcc8629 |    000004B0  A$lcc8629
     000004B1  A$lcc8629 |    000004B3  A$lcc8629 |    000004B5  A$lcc8629
     000004B7  A$lcc8629 |    000004B9  A$lcc8629 |    000004BA  A$lcc8629
     000004BC  A$lcc8629 |    000004BE  A$lcc8629 |    000004C0  A$lcc8629
     000004C1  A$lcc8629 |    000004C3  A$lcc8629 |    000004C3  C$main.c$
     000004C5  A$lcc8629 |    000004C6  A$lcc8629 |    000004C7  A$lcc8629
     000004C8  A$lcc8629 |    000004CB  A$lcc8629 |    000004CC  A$lcc8629
     000004CD  A$lcc8629 |    000004CE  A$lcc8629 |    000004D0  A$lcc8629
     000004D1  A$lcc8629 |    000004D2  A$lcc8629 |    000004D3  A$lcc8629
     000004D5  A$lcc8629 |    000004D6  A$lcc8629 |    000004D7  A$lcc8629
     000004D8  A$lcc8629 |    000004D9  A$lcc8629 |    000004DA  A$lcc8629
     000004DB  A$lcc8629 |    000004DD  A$lcc8629 |    000004DE  A$lcc8629
     000004DF  A$lcc8629 |    000004E2  A$lcc8629 |    000004E3  A$lcc8629
     000004E4  A$lcc8629 |    000004E5  A$lcc8629 |    000004E6  A$lcc8629
     000004E7  A$lcc8629 |    000004E9  A$lcc8629 |    000004EA  A$lcc8629
     000004EB  A$lcc8629 |    000004EC  A$lcc8629 |    000004ED  A$lcc8629
     000004EE  A$lcc8629 |    000004EF  A$lcc8629 |    000004F0  A$lcc8629
     000004F2  A$lcc8629 |    000004F4  A$lcc8629 |    000004F5  A$lcc8629
     000004F7  A$lcc8629 |    000004F8  A$lcc8629 |    000004FA  A$lcc8629
     000004FC  A$lcc8629 |    000004FE  A$lcc8629 |    00000500  A$lcc8629
     00000501  A$lcc8629 |    00000503  A$lcc8629 |    00000505  A$lcc8629
     00000507  A$lcc8629 |    00000508  A$lcc8629 |    0000050A  A$lcc8629
     0000050A  C$main.c$ |    0000050B  A$lcc8629 |    0000050C  A$lcc8629
     0000050F  A$lcc8629 |    00000510  A$lcc8629 |    00000511  A$lcc8629
ASxxxx Linker V03.00 + NoICE + sdld,  page 7.
Hexadecimal  [32-Bits]

Area                       Addr        Size        Decimal Bytes (Attributes)
--------------------       ----        ----        ------- ----- ------------
_CODE                  00000200    0000168C =        5772. bytes (REL,CON)

        Value  Global            Value  Global            Value  Global    
        -----  ------            -----  ------            -----  ------    
     00000512  A$lcc8629 |    00000514  A$lcc8629 |    00000515  A$lcc8629
     00000516  A$lcc8629 |    00000516  C$main.c$ |    00000517  A$lcc8629
     00000518  A$lcc8629 |    0000051B  A$lcc8629 |    0000051C  A$lcc8629
     0000051D  A$lcc8629 |    0000051E  A$lcc8629 |    00000520  A$lcc8629
     00000521  A$lcc8629 |    00000522  A$lcc8629 |    00000523  A$lcc8629
     00000524  A$lcc8629 |    00000525  A$lcc8629 |    00000525  C$main.c$
     00000527  A$lcc8629 |    00000528  A$lcc8629 |    0000052B  A$lcc8629
     0000052B  C$main.c$ |    0000052C  A$lcc8629 |    0000052C  C$main.c$
     0000052E  A$lcc8629 |    00000530  A$lcc8629 |    00000531  A$lcc8629
     00000533  A$lcc8629 |    00000533  C$main.c$ |    00000535  A$lcc8629
     00000536  A$lcc8629 |    00000537  A$lcc8629 |    00000538  A$lcc8629
     00000538  C$main.c$ |    00000538  G$closest |    00000538  _closestW
     0000053A  A$lcc8629 |    0000053B  A$lcc8629 |    0000053D  A$lcc8629
     0000053E  A$lcc8629 |    0000053E  C$main.c$ |    00000540  A$lcc8629
     00000541  A$lcc8629 |    00000542  A$lcc8629 |    00000544  A$lcc8629
     00000546  A$lcc8629 |    00000547  A$lcc8629 |    00000549  A$lcc8629
     0000054A  A$lcc8629 |    0000054C  A$lcc8629 |    0000054D  A$lcc8629
     0000054E  A$lcc8629 |    00000550  A$lcc8629 |    00000552  A$lcc8629
     00000553  A$lcc8629 |    00000555  A$lcc8629 |    00000556  A$lcc8629
     00000558  A$lcc8629 |    00000559  A$lcc8629 |    0000055A  A$lcc8629
     0000055B  A$lcc8629 |    0000055C  A$lcc8629 |    0000055D  A$lcc8629
     0000055E  A$lcc8629 |    0000055F  A$lcc8629 |    00000560  A$lcc8629
     00000562  A$lcc8629 |    00000563  A$lcc8629 |    00000564  A$lcc8629
     00000565  A$lcc8629 |    00000567  A$lcc8629 |    00000568  A$lcc8629
     0000056B  A$lcc8629 |    0000056C  A$lcc8629 |    0000056D  A$lcc8629
     0000056E  A$lcc8629 |    0000056F  A$lcc8629 |    00000570  A$lcc8629
     00000571  A$lcc8629 |    00000573  A$lcc8629 |    00000574  A$lcc8629
     00000575  A$lcc8629 |    00000576  A$lcc8629 |    00000578  A$lcc8629
     00000579  A$lcc8629 |    0000057B  A$lcc8629 |    0000057C  A$lcc8629
     0000057D  A$lcc8629 |    0000057E  A$lcc8629 |    0000057F  A$lcc8629
     00000580  A$lcc8629 |    00000581  A$lcc8629 |    00000582  A$lcc8629
     00000583  A$lcc8629 |    00000584  A$lcc8629 |    00000587  A$lcc8629
     00000588  A$lcc8629 |    00000589  A$lcc8629 |    0000058A  A$lcc8629
     0000058C  A$lcc8629 |    0000058D  A$lcc8629 |    0000058E  A$lcc8629
     0000058F  A$lcc8629 |    00000591  A$lcc8629 |    00000592  A$lcc8629
     00000595  A$lcc8629 |    00000596  A$lcc8629 |    00000597  A$lcc8629
     00000598  A$lcc8629 |    0000059A  A$lcc8629 |    0000059C  A$lcc8629
     0000059E  A$lcc8629 |    0000059F  A$lcc8629 |    000005A1  A$lcc8629
     000005A4  A$lcc8629 |    000005A4  C$main.c$ |    000005A5  A$lcc8629
     000005A7  A$lcc8629 |    000005A9  A$lcc8629 |    000005A9  C$main.c$
     000005AA  A$lcc8629 |    000005AC  A$lcc8629 |    000005AE  A$lcc8629
     000005AF  A$lcc8629 |    000005B0  A$lcc8629 |    000005B1  A$lcc8629
     000005B2  A$lcc8629 |    000005B5  A$lcc8629 |    000005B6  A$lcc8629
     000005B7  A$lcc8629 |    000005B9  A$lcc8629 |    000005BB  A$lcc8629
     000005BB  C$main.c$ |    000005BD  A$lcc8629 |    000005BE  A$lcc8629
     000005BF  A$lcc8629 |    000005C1  A$lcc8629 |    000005C1  C$main.c$
     000005C3  A$lcc8629 |    000005C4  A$lcc8629 |    000005C5  A$lcc8629
     000005C7  A$lcc8629 |    000005C8  A$lcc8629 |    000005C9  A$lcc8629
     000005CA  A$lcc8629 |    000005CC  A$lcc8629 |    000005CE  A$lcc8629
     000005CE  C$main.c$ |    000005CE  C$main.c$ |    000005D1  A$lcc8629
     000005D2  A$lcc8629 |    000005D3  A$lcc8629 |    000005D4  A$lcc8629
ASxxxx Linker V03.00 + NoICE + sdld,  page 8.
Hexadecimal  [32-Bits]

Area                       Addr        Size        Decimal Bytes (Attributes)
--------------------       ----        ----        ------- ----- ------------
_CODE                  00000200    0000168C =        5772. bytes (REL,CON)

        Value  Global            Value  Global            Value  Global    
        -----  ------            -----  ------            -----  ------    
     000005D6  A$lcc8629 |    000005D7  A$lcc8629 |    000005D8  A$lcc8629
     000005D8  C$main.c$ |    000005DB  A$lcc8629 |    000005DC  A$lcc8629
     000005DD  A$lcc8629 |    000005DE  A$lcc8629 |    000005E0  A$lcc8629
     000005E1  A$lcc8629 |    000005E2  A$lcc8629 |    000005E2  C$main.c$
     000005E4  A$lcc8629 |    000005E4  C$main.c$ |    000005E4  C$main.c$
     000005E6  A$lcc8629 |    000005E7  A$lcc8629 |    000005E8  A$lcc8629
     000005E9  A$lcc8629 |    000005EC  A$lcc8629 |    000005ED  A$lcc8629
     000005EE  A$lcc8629 |    000005EF  A$lcc8629 |    000005F1  A$lcc8629
     000005F1  C$main.c$ |    000005F2  A$lcc8629 |    000005F3  A$lcc8629
     000005F4  A$lcc8629 |    000005F5  A$lcc8629 |    000005F6  A$lcc8629
     000005F7  A$lcc8629 |    000005F8  A$lcc8629 |    000005FB  A$lcc8629
     000005FC  A$lcc8629 |    000005FD  A$lcc8629 |    000005FE  A$lcc8629
     00000600  A$lcc8629 |    00000601  A$lcc8629 |    00000602  A$lcc8629
     00000602  C$main.c$ |    00000604  A$lcc8629 |    00000604  C$main.c$
     00000604  C$main.c$ |    00000606  A$lcc8629 |    00000607  A$lcc8629
     00000608  A$lcc8629 |    00000609  A$lcc8629 |    0000060A  A$lcc8629
     0000060C  A$lcc8629 |    0000060D  A$lcc8629 |    0000060E  A$lcc8629
     0000060E  C$main.c$ |    00000610  A$lcc8629 |    00000611  A$lcc8629
     00000612  A$lcc8629 |    00000613  A$lcc8629 |    00000614  A$lcc8629
     00000615  A$lcc8629 |    00000617  A$lcc8629 |    00000618  A$lcc8629
     00000619  A$lcc8629 |    00000619  C$main.c$ |    0000061B  A$lcc8629
     0000061C  A$lcc8629 |    0000061E  A$lcc8629 |    0000061E  C$main.c$
     00000620  A$lcc8629 |    00000621  A$lcc8629 |    00000624  A$lcc8629
     00000624  C$main.c$ |    00000626  A$lcc8629 |    00000627  A$lcc8629
     00000628  A$lcc8629 |    00000629  A$lcc8629 |    00000629  C$main.c$
     00000629  G$animalT |    00000629  _animalTi |    0000062B  A$lcc8629
     0000062B  C$main.c$ |    0000062D  A$lcc8629 |    0000062F  A$lcc8629
     00000631  A$lcc8629 |    00000632  A$lcc8629 |    00000634  A$lcc8629
     00000637  A$lcc8629 |    00000637  C$main.c$ |    00000638  A$lcc8629
     0000063A  A$lcc8629 |    0000063B  A$lcc8629 |    0000063C  A$lcc8629
     0000063D  A$lcc8629 |    0000063E  A$lcc8629 |    0000063F  A$lcc8629
     00000640  A$lcc8629 |    00000641  A$lcc8629 |    00000644  A$lcc8629
     00000645  A$lcc8629 |    00000646  A$lcc8629 |    00000647  A$lcc8629
     00000649  A$lcc8629 |    0000064A  A$lcc8629 |    0000064B  A$lcc8629
     0000064C  A$lcc8629 |    0000064E  A$lcc8629 |    0000064F  A$lcc8629
     00000650  A$lcc8629 |    00000651  A$lcc8629 |    00000652  A$lcc8629
     00000655  A$lcc8629 |    00000656  A$lcc8629 |    00000657  A$lcc8629
     00000658  A$lcc8629 |    0000065A  A$lcc8629 |    0000065B  A$lcc8629
     0000065C  A$lcc8629 |    0000065D  A$lcc8629 |    0000065F  A$lcc8629
     00000660  A$lcc8629 |    00000661  A$lcc8629 |    00000662  A$lcc8629
     00000663  A$lcc8629 |    00000664  A$lcc8629 |    00000665  A$lcc8629
     00000668  A$lcc8629 |    0000066A  A$lcc8629 |    0000066B  A$lcc8629
     0000066C  A$lcc8629 |    0000066C  C$main.c$ |    0000066D  A$lcc8629
     0000066E  A$lcc8629 |    0000066F  A$lcc8629 |    00000670  A$lcc8629
     00000671  A$lcc8629 |    00000672  A$lcc8629 |    00000673  A$lcc8629
     00000676  A$lcc8629 |    00000677  A$lcc8629 |    00000678  A$lcc8629
     00000679  A$lcc8629 |    0000067B  A$lcc8629 |    0000067C  A$lcc8629
     0000067D  A$lcc8629 |    0000067E  A$lcc8629 |    00000680  A$lcc8629
     00000681  A$lcc8629 |    00000681  C$main.c$ |    00000682  A$lcc8629
     00000684  A$lcc8629 |    00000686  A$lcc8629 |    00000686  C$main.c$
     00000687  A$lcc8629 |    00000688  A$lcc8629 |    00000689  A$lcc8629
ASxxxx Linker V03.00 + NoICE + sdld,  page 9.
Hexadecimal  [32-Bits]

Area                       Addr        Size        Decimal Bytes (Attributes)
--------------------       ----        ----        ------- ----- ------------
_CODE                  00000200    0000168C =        5772. bytes (REL,CON)

        Value  Global            Value  Global            Value  Global    
        -----  ------            -----  ------            -----  ------    
     00000689  C$main.c$ |    0000068B  A$lcc8629 |    0000068C  A$lcc8629
     0000068D  A$lcc8629 |    0000068E  A$lcc8629 |    00000690  A$lcc8629
     00000692  A$lcc8629 |    00000693  A$lcc8629 |    00000696  A$lcc8629
     00000698  A$lcc8629 |    00000698  C$main.c$ |    0000069A  A$lcc8629
     0000069B  A$lcc8629 |    0000069C  A$lcc8629 |    0000069D  A$lcc8629
     0000069F  A$lcc8629 |    0000069F  C$main.c$ |    000006A1  A$lcc8629
     000006A2  A$lcc8629 |    000006A3  A$lcc8629 |    000006A4  A$lcc8629
     000006A5  A$lcc8629 |    000006A6  A$lcc8629 |    000006A7  A$lcc8629
     000006A8  A$lcc8629 |    000006A9  A$lcc8629 |    000006AB  A$lcc8629
     000006AC  A$lcc8629 |    000006AD  A$lcc8629 |    000006AE  A$lcc8629
     000006B0  A$lcc8629 |    000006B1  A$lcc8629 |    000006B2  A$lcc8629
     000006B3  A$lcc8629 |    000006B4  A$lcc8629 |    000006B5  A$lcc8629
     000006B7  A$lcc8629 |    000006B9  A$lcc8629 |    000006BB  A$lcc8629
     000006BC  A$lcc8629 |    000006BD  A$lcc8629 |    000006BE  A$lcc8629
     000006BF  A$lcc8629 |    000006C0  A$lcc8629 |    000006C2  A$lcc8629
     000006C3  A$lcc8629 |    000006C5  A$lcc8629 |    000006C5  C$main.c$
     000006C6  A$lcc8629 |    000006C7  A$lcc8629 |    000006C8  A$lcc8629
     000006C9  A$lcc8629 |    000006CB  A$lcc8629 |    000006CB  C$main.c$
     000006CD  A$lcc8629 |    000006CE  A$lcc8629 |    000006CF  A$lcc8629
     000006D1  A$lcc8629 |    000006D3  A$lcc8629 |    000006D4  A$lcc8629
     000006D7  A$lcc8629 |    000006D9  A$lcc8629 |    000006D9  C$main.c$
     000006DB  A$lcc8629 |    000006DC  A$lcc8629 |    000006DD  A$lcc8629
     000006DE  A$lcc8629 |    000006DE  C$main.c$ |    000006E0  A$lcc8629
     000006E1  A$lcc8629 |    000006E2  A$lcc8629 |    000006E3  A$lcc8629
     000006E5  A$lcc8629 |    000006E7  A$lcc8629 |    000006E8  A$lcc8629
     000006EB  A$lcc8629 |    000006ED  A$lcc8629 |    000006EE  A$lcc8629
     000006EF  A$lcc8629 |    000006F0  A$lcc8629 |    000006F1  A$lcc8629
     000006F3  A$lcc8629 |    000006F4  A$lcc8629 |    000006F4  C$main.c$
     000006F6  A$lcc8629 |    000006F7  A$lcc8629 |    000006F8  A$lcc8629
     000006F9  A$lcc8629 |    000006FC  A$lcc8629 |    000006FD  A$lcc8629
     000006FE  A$lcc8629 |    000006FF  A$lcc8629 |    00000701  A$lcc8629
     00000702  A$lcc8629 |    00000703  A$lcc8629 |    00000704  A$lcc8629
     00000706  A$lcc8629 |    00000707  A$lcc8629 |    00000707  C$main.c$
     00000709  A$lcc8629 |    0000070A  A$lcc8629 |    0000070B  A$lcc8629
     0000070D  A$lcc8629 |    0000070D  C$main.c$ |    0000070F  A$lcc8629
     00000710  A$lcc8629 |    00000711  A$lcc8629 |    00000712  A$lcc8629
     00000713  A$lcc8629 |    00000714  A$lcc8629 |    00000715  A$lcc8629
     00000716  A$lcc8629 |    00000717  A$lcc8629 |    00000718  A$lcc8629
     00000719  A$lcc8629 |    0000071B  A$lcc8629 |    0000071B  C$main.c$
     0000071D  A$lcc8629 |    0000071E  A$lcc8629 |    0000071F  A$lcc8629
     00000721  A$lcc8629 |    00000722  A$lcc8629 |    00000723  A$lcc8629
     00000724  A$lcc8629 |    00000725  A$lcc8629 |    00000725  C$main.c$
     00000727  A$lcc8629 |    00000728  A$lcc8629 |    00000729  A$lcc8629
     0000072A  A$lcc8629 |    0000072B  A$lcc8629 |    0000072C  A$lcc8629
     0000072E  A$lcc8629 |    0000072E  C$main.c$ |    00000730  A$lcc8629
     00000731  A$lcc8629 |    00000732  A$lcc8629 |    00000733  A$lcc8629
     00000734  A$lcc8629 |    00000735  A$lcc8629 |    00000736  A$lcc8629
     00000737  A$lcc8629 |    00000738  A$lcc8629 |    00000739  A$lcc8629
     0000073A  A$lcc8629 |    0000073A  C$main.c$ |    0000073C  A$lcc8629
     0000073D  A$lcc8629 |    0000073E  A$lcc8629 |    0000073F  A$lcc8629
     00000740  A$lcc8629 |    00000741  A$lcc8629 |    00000743  A$lcc8629
ASxxxx Linker V03.00 + NoICE + sdld,  page 10.
Hexadecimal  [32-Bits]

Area                       Addr        Size        Decimal Bytes (Attributes)
--------------------       ----        ----        ------- ----- ------------
_CODE                  00000200    0000168C =        5772. bytes (REL,CON)

        Value  Global            Value  Global            Value  Global    
        -----  ------            -----  ------            -----  ------    
     00000743  C$main.c$ |    00000745  A$lcc8629 |    00000746  A$lcc8629
     00000747  A$lcc8629 |    00000748  A$lcc8629 |    0000074A  A$lcc8629
     0000074A  C$main.c$ |    0000074C  A$lcc8629 |    0000074D  A$lcc8629
     0000074E  A$lcc8629 |    0000074F  A$lcc8629 |    00000750  A$lcc8629
     00000751  A$lcc8629 |    00000753  A$lcc8629 |    00000753  C$main.c$
     00000754  A$lcc8629 |    00000755  A$lcc8629 |    00000756  A$lcc8629
     00000757  A$lcc8629 |    00000758  A$lcc8629 |    00000759  A$lcc8629
     0000075B  A$lcc8629 |    0000075B  C$main.c$ |    0000075D  A$lcc8629
     0000075E  A$lcc8629 |    0000075F  A$lcc8629 |    00000760  A$lcc8629
     00000762  A$lcc8629 |    00000764  A$lcc8629 |    00000765  A$lcc8629
     00000766  A$lcc8629 |    00000767  A$lcc8629 |    0000076A  A$lcc8629
     0000076B  A$lcc8629 |    0000076C  A$lcc8629 |    0000076D  A$lcc8629
     0000076F  A$lcc8629 |    00000770  A$lcc8629 |    00000771  A$lcc8629
     00000772  A$lcc8629 |    00000774  A$lcc8629 |    00000775  A$lcc8629
     00000776  A$lcc8629 |    00000777  A$lcc8629 |    00000778  A$lcc8629
     00000779  A$lcc8629 |    0000077B  A$lcc8629 |    0000077C  A$lcc8629
     0000077E  A$lcc8629 |    0000077F  A$lcc8629 |    00000780  A$lcc8629
     00000781  A$lcc8629 |    00000784  A$lcc8629 |    00000785  A$lcc8629
     00000786  A$lcc8629 |    00000787  A$lcc8629 |    00000789  A$lcc8629
     0000078A  A$lcc8629 |    0000078B  A$lcc8629 |    0000078C  A$lcc8629
     0000078E  A$lcc8629 |    0000078F  A$lcc8629 |    00000791  A$lcc8629
     00000792  A$lcc8629 |    00000793  A$lcc8629 |    00000794  A$lcc8629
     00000797  A$lcc8629 |    00000798  A$lcc8629 |    00000799  A$lcc8629
     0000079A  A$lcc8629 |    0000079C  A$lcc8629 |    0000079D  A$lcc8629
     0000079E  A$lcc8629 |    0000079F  A$lcc8629 |    000007A1  A$lcc8629
     000007A2  A$lcc8629 |    000007A3  A$lcc8629 |    000007A4  A$lcc8629
     000007A5  A$lcc8629 |    000007A6  A$lcc8629 |    000007A7  A$lcc8629
     000007A7  C$main.c$ |    000007A9  A$lcc8629 |    000007AA  A$lcc8629
     000007AC  A$lcc8629 |    000007AE  A$lcc8629 |    000007AE  C$main.c$
     000007B0  A$lcc8629 |    000007B1  A$lcc8629 |    000007B2  A$lcc8629
     000007B3  A$lcc8629 |    000007B4  A$lcc8629 |    000007B5  A$lcc8629
     000007B6  A$lcc8629 |    000007B7  A$lcc8629 |    000007B8  A$lcc8629
     000007BA  A$lcc8629 |    000007BB  A$lcc8629 |    000007BC  A$lcc8629
     000007BD  A$lcc8629 |    000007C0  A$lcc8629 |    000007C2  A$lcc8629
     000007C2  C$main.c$ |    000007C4  A$lcc8629 |    000007C5  A$lcc8629
     000007C6  A$lcc8629 |    000007C7  A$lcc8629 |    000007C9  A$lcc8629
     000007C9  C$main.c$ |    000007CB  A$lcc8629 |    000007CC  A$lcc8629
     000007CD  A$lcc8629 |    000007CE  A$lcc8629 |    000007CF  A$lcc8629
     000007D0  A$lcc8629 |    000007D2  A$lcc8629 |    000007D3  A$lcc8629
     000007D4  A$lcc8629 |    000007D5  A$lcc8629 |    000007D6  A$lcc8629
     000007D7  A$lcc8629 |    000007D8  A$lcc8629 |    000007D9  A$lcc8629
     000007DA  A$lcc8629 |    000007DD  A$lcc8629 |    000007DE  A$lcc8629
     000007DF  A$lcc8629 |    000007E1  A$lcc8629 |    000007E2  A$lcc8629
     000007E3  A$lcc8629 |    000007E4  A$lcc8629 |    000007E5  A$lcc8629
     000007E7  A$lcc8629 |    000007E7  C$main.c$ |    000007E8  A$lcc8629
     000007EA  A$lcc8629 |    000007EC  A$lcc8629 |    000007EC  C$main.c$
     000007EE  A$lcc8629 |    000007EF  A$lcc8629 |    000007F0  A$lcc8629
     000007F1  A$lcc8629 |    000007F2  A$lcc8629 |    000007F3  A$lcc8629
     000007F4  A$lcc8629 |    000007F5  A$lcc8629 |    000007F6  A$lcc8629
     000007F8  A$lcc8629 |    000007F9  A$lcc8629 |    000007FA  A$lcc8629
     000007FB  A$lcc8629 |    000007FE  A$lcc8629 |    00000800  A$lcc8629
ASxxxx Linker V03.00 + NoICE + sdld,  page 11.
Hexadecimal  [32-Bits]

Area                       Addr        Size        Decimal Bytes (Attributes)
--------------------       ----        ----        ------- ----- ------------
_CODE                  00000200    0000168C =        5772. bytes (REL,CON)

        Value  Global            Value  Global            Value  Global    
        -----  ------            -----  ------            -----  ------    
     00000800  C$main.c$ |    00000802  A$lcc8629 |    00000803  A$lcc8629
     00000804  A$lcc8629 |    00000805  A$lcc8629 |    00000807  A$lcc8629
     00000807  C$main.c$ |    00000809  A$lcc8629 |    0000080A  A$lcc8629
     0000080B  A$lcc8629 |    0000080C  A$lcc8629 |    0000080D  A$lcc8629
     0000080E  A$lcc8629 |    00000810  A$lcc8629 |    00000811  A$lcc8629
     00000812  A$lcc8629 |    00000813  A$lcc8629 |    00000814  A$lcc8629
     00000815  A$lcc8629 |    00000816  A$lcc8629 |    00000817  A$lcc8629
     00000818  A$lcc8629 |    0000081B  A$lcc8629 |    0000081C  A$lcc8629
     0000081D  A$lcc8629 |    0000081F  A$lcc8629 |    00000820  A$lcc8629
     00000821  A$lcc8629 |    00000822  A$lcc8629 |    00000823  A$lcc8629
     00000823  C$main.c$ |    00000825  A$lcc8629 |    00000826  A$lcc8629
     00000827  A$lcc8629 |    00000828  A$lcc8629 |    00000829  A$lcc8629
     0000082B  A$lcc8629 |    0000082C  A$lcc8629 |    0000082E  A$lcc8629
     0000082F  A$lcc8629 |    00000830  A$lcc8629 |    00000831  A$lcc8629
     00000832  A$lcc8629 |    00000833  A$lcc8629 |    00000835  A$lcc8629
     00000836  A$lcc8629 |    00000837  A$lcc8629 |    00000838  A$lcc8629
     00000839  A$lcc8629 |    0000083A  A$lcc8629 |    0000083A  C$main.c$
     0000083C  A$lcc8629 |    0000083D  A$lcc8629 |    0000083E  A$lcc8629
     0000083F  A$lcc8629 |    00000842  A$lcc8629 |    00000843  A$lcc8629
     00000844  A$lcc8629 |    00000845  A$lcc8629 |    00000847  A$lcc8629
     00000848  A$lcc8629 |    00000849  A$lcc8629 |    0000084A  A$lcc8629
     0000084C  A$lcc8629 |    0000084D  A$lcc8629 |    0000084D  C$main.c$
     0000084F  A$lcc8629 |    00000850  A$lcc8629 |    00000851  A$lcc8629
     00000852  A$lcc8629 |    00000855  A$lcc8629 |    00000856  A$lcc8629
     00000857  A$lcc8629 |    00000858  A$lcc8629 |    0000085A  A$lcc8629
     0000085B  A$lcc8629 |    0000085C  A$lcc8629 |    0000085D  A$lcc8629
     0000085F  A$lcc8629 |    00000860  A$lcc8629 |    00000860  C$main.c$
     00000862  A$lcc8629 |    00000863  A$lcc8629 |    00000864  A$lcc8629
     00000867  A$lcc8629 |    00000867  C$main.c$ |    00000869  A$lcc8629
     0000086A  A$lcc8629 |    0000086B  A$lcc8629 |    0000086C  A$lcc8629
     0000086D  A$lcc8629 |    0000086E  A$lcc8629 |    0000086F  A$lcc8629
     00000870  A$lcc8629 |    00000873  A$lcc8629 |    00000875  A$lcc8629
     00000875  C$main.c$ |    00000877  A$lcc8629 |    00000878  A$lcc8629
     00000879  A$lcc8629 |    0000087A  A$lcc8629 |    0000087B  A$lcc8629
     0000087C  A$lcc8629 |    0000087D  A$lcc8629 |    0000087F  A$lcc8629
     00000880  A$lcc8629 |    00000883  A$lcc8629 |    00000884  A$lcc8629
     00000885  A$lcc8629 |    00000886  A$lcc8629 |    00000888  A$lcc8629
     00000889  A$lcc8629 |    0000088A  A$lcc8629 |    0000088B  A$lcc8629
     0000088C  A$lcc8629 |    0000088C  C$main.c$ |    0000088E  A$lcc8629
     0000088F  A$lcc8629 |    00000890  A$lcc8629 |    00000891  A$lcc8629
     00000892  A$lcc8629 |    00000893  A$lcc8629 |    00000895  A$lcc8629
     00000896  A$lcc8629 |    00000897  A$lcc8629 |    00000898  A$lcc8629
     00000899  A$lcc8629 |    0000089A  A$lcc8629 |    0000089B  A$lcc8629
     0000089C  A$lcc8629 |    0000089D  A$lcc8629 |    000008A0  A$lcc8629
     000008A1  A$lcc8629 |    000008A2  A$lcc8629 |    000008A4  A$lcc8629
     000008A5  A$lcc8629 |    000008A6  A$lcc8629 |    000008A7  A$lcc8629
     000008A8  A$lcc8629 |    000008A8  C$main.c$ |    000008AA  A$lcc8629
     000008AB  A$lcc8629 |    000008AC  A$lcc8629 |    000008AD  A$lcc8629
     000008AE  A$lcc8629 |    000008AF  A$lcc8629 |    000008B1  A$lcc8629
     000008B2  A$lcc8629 |    000008B3  A$lcc8629 |    000008B4  A$lcc8629
     000008B5  A$lcc8629 |    000008B6  A$lcc8629 |    000008B7  A$lcc8629
ASxxxx Linker V03.00 + NoICE + sdld,  page 12.
Hexadecimal  [32-Bits]

Area                       Addr        Size        Decimal Bytes (Attributes)
--------------------       ----        ----        ------- ----- ------------
_CODE                  00000200    0000168C =        5772. bytes (REL,CON)

        Value  Global            Value  Global            Value  Global    
        -----  ------            -----  ------            -----  ------    
     000008B8  A$lcc8629 |    000008B9  A$lcc8629 |    000008BA  A$lcc8629
     000008BB  A$lcc8629 |    000008BC  A$lcc8629 |    000008BF  A$lcc8629
     000008C1  A$lcc8629 |    000008C1  C$main.c$ |    000008C3  A$lcc8629
     000008C4  A$lcc8629 |    000008C5  A$lcc8629 |    000008C6  A$lcc8629
     000008C7  A$lcc8629 |    000008C8  A$lcc8629 |    000008C9  A$lcc8629
     000008CB  A$lcc8629 |    000008CC  A$lcc8629 |    000008CF  A$lcc8629
     000008D0  A$lcc8629 |    000008D1  A$lcc8629 |    000008D2  A$lcc8629
     000008D4  A$lcc8629 |    000008D5  A$lcc8629 |    000008D6  A$lcc8629
     000008D7  A$lcc8629 |    000008D8  A$lcc8629 |    000008D8  C$main.c$
     000008DA  A$lcc8629 |    000008DB  A$lcc8629 |    000008DC  A$lcc8629
     000008DD  A$lcc8629 |    000008DE  A$lcc8629 |    000008DF  A$lcc8629
     000008E1  A$lcc8629 |    000008E2  A$lcc8629 |    000008E3  A$lcc8629
     000008E4  A$lcc8629 |    000008E5  A$lcc8629 |    000008E6  A$lcc8629
     000008E7  A$lcc8629 |    000008E8  A$lcc8629 |    000008E9  A$lcc8629
     000008EC  A$lcc8629 |    000008ED  A$lcc8629 |    000008EE  A$lcc8629
     000008F0  A$lcc8629 |    000008F1  A$lcc8629 |    000008F2  A$lcc8629
     000008F3  A$lcc8629 |    000008F4  A$lcc8629 |    000008F4  C$main.c$
     000008F6  A$lcc8629 |    000008F7  A$lcc8629 |    000008F8  A$lcc8629
     000008F9  A$lcc8629 |    000008FA  A$lcc8629 |    000008FB  A$lcc8629
     000008FD  A$lcc8629 |    000008FE  A$lcc8629 |    000008FF  A$lcc8629
     00000900  A$lcc8629 |    00000901  A$lcc8629 |    00000902  A$lcc8629
     00000903  A$lcc8629 |    00000904  A$lcc8629 |    00000905  A$lcc8629
     00000906  A$lcc8629 |    00000907  A$lcc8629 |    00000908  A$lcc8629
     0000090B  A$lcc8629 |    0000090D  A$lcc8629 |    0000090D  C$main.c$
     0000090F  A$lcc8629 |    00000910  A$lcc8629 |    00000911  A$lcc8629
     00000912  A$lcc8629 |    00000913  A$lcc8629 |    00000914  A$lcc8629
     00000915  A$lcc8629 |    00000917  A$lcc8629 |    00000918  A$lcc8629
     0000091B  A$lcc8629 |    0000091C  A$lcc8629 |    0000091D  A$lcc8629
     0000091E  A$lcc8629 |    0000091F  A$lcc8629 |    00000920  A$lcc8629
     00000922  A$lcc8629 |    00000923  A$lcc8629 |    00000924  A$lcc8629
     00000925  A$lcc8629 |    00000926  A$lcc8629 |    00000926  C$main.c$
     00000928  A$lcc8629 |    00000929  A$lcc8629 |    0000092A  A$lcc8629
     0000092B  A$lcc8629 |    0000092C  A$lcc8629 |    0000092D  A$lcc8629
     0000092F  A$lcc8629 |    00000930  A$lcc8629 |    00000931  A$lcc8629
     00000932  A$lcc8629 |    00000933  A$lcc8629 |    00000934  A$lcc8629
     00000935  A$lcc8629 |    00000936  A$lcc8629 |    00000937  A$lcc8629
     0000093A  A$lcc8629 |    0000093B  A$lcc8629 |    0000093C  A$lcc8629
     0000093E  A$lcc8629 |    0000093F  A$lcc8629 |    00000940  A$lcc8629
     00000941  A$lcc8629 |    00000942  A$lcc8629 |    00000942  C$main.c$
     00000944  A$lcc8629 |    00000945  A$lcc8629 |    00000946  A$lcc8629
     00000947  A$lcc8629 |    00000948  A$lcc8629 |    00000949  A$lcc8629
     0000094B  A$lcc8629 |    0000094C  A$lcc8629 |    0000094D  A$lcc8629
     0000094E  A$lcc8629 |    0000094F  A$lcc8629 |    00000950  A$lcc8629
     00000951  A$lcc8629 |    00000952  A$lcc8629 |    00000953  A$lcc8629
     00000954  A$lcc8629 |    00000955  A$lcc8629 |    00000956  A$lcc8629
     00000959  A$lcc8629 |    0000095B  A$lcc8629 |    0000095B  C$main.c$
     0000095D  A$lcc8629 |    0000095E  A$lcc8629 |    0000095F  A$lcc8629
     00000960  A$lcc8629 |    00000961  A$lcc8629 |    00000962  A$lcc8629
     00000963  A$lcc8629 |    00000965  A$lcc8629 |    00000966  A$lcc8629
     00000969  A$lcc8629 |    0000096A  A$lcc8629 |    0000096B  A$lcc8629
     0000096C  A$lcc8629 |    0000096D  A$lcc8629 |    0000096E  A$lcc8629
ASxxxx Linker V03.00 + NoICE + sdld,  page 13.
Hexadecimal  [32-Bits]

Area                       Addr        Size        Decimal Bytes (Attributes)
--------------------       ----        ----        ------- ----- ------------
_CODE                  00000200    0000168C =        5772. bytes (REL,CON)

        Value  Global            Value  Global            Value  Global    
        -----  ------            -----  ------            -----  ------    
     00000970  A$lcc8629 |    00000971  A$lcc8629 |    00000972  A$lcc8629
     00000973  A$lcc8629 |    00000974  A$lcc8629 |    00000974  C$main.c$
     00000976  A$lcc8629 |    00000977  A$lcc8629 |    00000978  A$lcc8629
     00000979  A$lcc8629 |    0000097A  A$lcc8629 |    0000097B  A$lcc8629
     0000097D  A$lcc8629 |    0000097E  A$lcc8629 |    0000097F  A$lcc8629
     00000980  A$lcc8629 |    00000981  A$lcc8629 |    00000982  A$lcc8629
     00000983  A$lcc8629 |    00000984  A$lcc8629 |    00000985  A$lcc8629
     00000988  A$lcc8629 |    00000989  A$lcc8629 |    0000098A  A$lcc8629
     0000098C  A$lcc8629 |    0000098D  A$lcc8629 |    0000098E  A$lcc8629
     0000098F  A$lcc8629 |    00000990  A$lcc8629 |    00000993  A$lcc8629
     00000993  C$main.c$ |    00000995  A$lcc8629 |    00000996  A$lcc8629
     00000997  A$lcc8629 |    00000998  A$lcc8629 |    00000999  A$lcc8629
     0000099A  A$lcc8629 |    0000099B  A$lcc8629 |    0000099C  A$lcc8629
     0000099E  A$lcc8629 |    0000099E  C$main.c$ |    000009A0  A$lcc8629
     000009A1  A$lcc8629 |    000009A2  A$lcc8629 |    000009A3  A$lcc8629
     000009A4  A$lcc8629 |    000009A5  A$lcc8629 |    000009A6  A$lcc8629
     000009A7  A$lcc8629 |    000009A8  A$lcc8629 |    000009A9  A$lcc8629
     000009AA  A$lcc8629 |    000009AB  A$lcc8629 |    000009AE  A$lcc8629
     000009B0  A$lcc8629 |    000009B0  C$main.c$ |    000009B2  A$lcc8629
     000009B3  A$lcc8629 |    000009B4  A$lcc8629 |    000009B5  A$lcc8629
     000009B6  A$lcc8629 |    000009B7  A$lcc8629 |    000009B8  A$lcc8629
     000009B9  A$lcc8629 |    000009BA  A$lcc8629 |    000009BB  A$lcc8629
     000009BC  A$lcc8629 |    000009BC  C$main.c$ |    000009BE  A$lcc8629
     000009BF  A$lcc8629 |    000009C0  A$lcc8629 |    000009C1  A$lcc8629
     000009C2  A$lcc8629 |    000009C3  A$lcc8629 |    000009C4  A$lcc8629
     000009C5  A$lcc8629 |    000009C6  A$lcc8629 |    000009C9  A$lcc8629
     000009CA  A$lcc8629 |    000009CB  A$lcc8629 |    000009CD  A$lcc8629
     000009CE  A$lcc8629 |    000009CF  A$lcc8629 |    000009D0  A$lcc8629
     000009D1  A$lcc8629 |    000009D1  C$main.c$ |    000009D3  A$lcc8629
     000009D4  A$lcc8629 |    000009D5  A$lcc8629 |    000009D6  A$lcc8629
     000009D7  A$lcc8629 |    000009D8  A$lcc8629 |    000009D8  C$main.c$
     000009DA  A$lcc8629 |    000009DB  A$lcc8629 |    000009DC  A$lcc8629
     000009DD  A$lcc8629 |    000009DE  A$lcc8629 |    000009DF  A$lcc8629
     000009E1  A$lcc8629 |    000009E1  C$main.c$ |    000009E3  A$lcc8629
     000009E4  A$lcc8629 |    000009E5  A$lcc8629 |    000009E6  A$lcc8629
     000009E7  A$lcc8629 |    000009E8  A$lcc8629 |    000009E9  A$lcc8629
     000009EA  A$lcc8629 |    000009EB  A$lcc8629 |    000009EC  A$lcc8629
     000009ED  A$lcc8629 |    000009EE  A$lcc8629 |    000009EF  A$lcc8629
     000009F0  A$lcc8629 |    000009F1  A$lcc8629 |    000009F4  A$lcc8629
     000009F6  A$lcc8629 |    000009F6  C$main.c$ |    000009F8  A$lcc8629
     000009F9  A$lcc8629 |    000009FA  A$lcc8629 |    000009FB  A$lcc8629
     000009FC  A$lcc8629 |    000009FD  A$lcc8629 |    000009FE  A$lcc8629
     000009FF  A$lcc8629 |    00000A00  A$lcc8629 |    00000A01  A$lcc8629
     00000A02  A$lcc8629 |    00000A02  C$main.c$ |    00000A04  A$lcc8629
     00000A05  A$lcc8629 |    00000A06  A$lcc8629 |    00000A07  A$lcc8629
     00000A08  A$lcc8629 |    00000A09  A$lcc8629 |    00000A0A  A$lcc8629
     00000A0B  A$lcc8629 |    00000A0C  A$lcc8629 |    00000A0F  A$lcc8629
     00000A10  A$lcc8629 |    00000A11  A$lcc8629 |    00000A13  A$lcc8629
     00000A14  A$lcc8629 |    00000A15  A$lcc8629 |    00000A16  A$lcc8629
     00000A17  A$lcc8629 |    00000A17  C$main.c$ |    00000A19  A$lcc8629
     00000A1A  A$lcc8629 |    00000A1B  A$lcc8629 |    00000A1C  A$lcc8629
ASxxxx Linker V03.00 + NoICE + sdld,  page 14.
Hexadecimal  [32-Bits]

Area                       Addr        Size        Decimal Bytes (Attributes)
--------------------       ----        ----        ------- ----- ------------
_CODE                  00000200    0000168C =        5772. bytes (REL,CON)

        Value  Global            Value  Global            Value  Global    
        -----  ------            -----  ------            -----  ------    
     00000A1D  A$lcc8629 |    00000A1E  A$lcc8629 |    00000A20  A$lcc8629
     00000A21  A$lcc8629 |    00000A22  A$lcc8629 |    00000A23  A$lcc8629
     00000A24  A$lcc8629 |    00000A25  A$lcc8629 |    00000A27  A$lcc8629
     00000A27  C$main.c$ |    00000A29  A$lcc8629 |    00000A2A  A$lcc8629
     00000A2B  A$lcc8629 |    00000A2C  A$lcc8629 |    00000A2D  A$lcc8629
     00000A2E  A$lcc8629 |    00000A2F  A$lcc8629 |    00000A30  A$lcc8629
     00000A31  A$lcc8629 |    00000A32  A$lcc8629 |    00000A33  A$lcc8629
     00000A34  A$lcc8629 |    00000A35  A$lcc8629 |    00000A36  A$lcc8629
     00000A37  A$lcc8629 |    00000A38  A$lcc8629 |    00000A39  A$lcc8629
     00000A3A  A$lcc8629 |    00000A3B  A$lcc8629 |    00000A3C  A$lcc8629
     00000A3F  A$lcc8629 |    00000A41  A$lcc8629 |    00000A41  C$main.c$
     00000A43  A$lcc8629 |    00000A44  A$lcc8629 |    00000A45  A$lcc8629
     00000A46  A$lcc8629 |    00000A47  A$lcc8629 |    00000A48  A$lcc8629
     00000A49  A$lcc8629 |    00000A4A  A$lcc8629 |    00000A4B  A$lcc8629
     00000A4C  A$lcc8629 |    00000A4D  A$lcc8629 |    00000A4D  C$main.c$
     00000A4F  A$lcc8629 |    00000A50  A$lcc8629 |    00000A51  A$lcc8629
     00000A52  A$lcc8629 |    00000A53  A$lcc8629 |    00000A54  A$lcc8629
     00000A55  A$lcc8629 |    00000A56  A$lcc8629 |    00000A57  A$lcc8629
     00000A5A  A$lcc8629 |    00000A5B  A$lcc8629 |    00000A5C  A$lcc8629
     00000A5E  A$lcc8629 |    00000A5F  A$lcc8629 |    00000A60  A$lcc8629
     00000A61  A$lcc8629 |    00000A62  A$lcc8629 |    00000A62  C$main.c$
     00000A64  A$lcc8629 |    00000A65  A$lcc8629 |    00000A66  A$lcc8629
     00000A67  A$lcc8629 |    00000A68  A$lcc8629 |    00000A69  A$lcc8629
     00000A69  C$main.c$ |    00000A6B  A$lcc8629 |    00000A6C  A$lcc8629
     00000A6D  A$lcc8629 |    00000A6E  A$lcc8629 |    00000A6F  A$lcc8629
     00000A70  A$lcc8629 |    00000A71  A$lcc8629 |    00000A72  A$lcc8629
     00000A74  A$lcc8629 |    00000A74  C$main.c$ |    00000A76  A$lcc8629
     00000A77  A$lcc8629 |    00000A78  A$lcc8629 |    00000A79  A$lcc8629
     00000A7A  A$lcc8629 |    00000A7B  A$lcc8629 |    00000A7C  A$lcc8629
     00000A7D  A$lcc8629 |    00000A7E  A$lcc8629 |    00000A7F  A$lcc8629
     00000A80  A$lcc8629 |    00000A81  A$lcc8629 |    00000A82  A$lcc8629
     00000A83  A$lcc8629 |    00000A84  A$lcc8629 |    00000A85  A$lcc8629
     00000A86  A$lcc8629 |    00000A87  A$lcc8629 |    00000A88  A$lcc8629
     00000A89  A$lcc8629 |    00000A8C  A$lcc8629 |    00000A8E  A$lcc8629
     00000A8E  C$main.c$ |    00000A90  A$lcc8629 |    00000A91  A$lcc8629
     00000A92  A$lcc8629 |    00000A93  A$lcc8629 |    00000A94  A$lcc8629
     00000A95  A$lcc8629 |    00000A96  A$lcc8629 |    00000A97  A$lcc8629
     00000A98  A$lcc8629 |    00000A99  A$lcc8629 |    00000A9A  A$lcc8629
     00000A9A  C$main.c$ |    00000A9C  A$lcc8629 |    00000A9D  A$lcc8629
     00000A9E  A$lcc8629 |    00000A9F  A$lcc8629 |    00000AA0  A$lcc8629
     00000AA1  A$lcc8629 |    00000AA2  A$lcc8629 |    00000AA3  A$lcc8629
     00000AA4  A$lcc8629 |    00000AA7  A$lcc8629 |    00000AA8  A$lcc8629
     00000AA9  A$lcc8629 |    00000AAB  A$lcc8629 |    00000AAC  A$lcc8629
     00000AAD  A$lcc8629 |    00000AAE  A$lcc8629 |    00000AAF  A$lcc8629
     00000AAF  C$main.c$ |    00000AB1  A$lcc8629 |    00000AB2  A$lcc8629
     00000AB3  A$lcc8629 |    00000AB4  A$lcc8629 |    00000AB5  A$lcc8629
     00000AB6  A$lcc8629 |    00000AB8  A$lcc8629 |    00000AB9  A$lcc8629
     00000ABA  A$lcc8629 |    00000ABB  A$lcc8629 |    00000ABC  A$lcc8629
     00000ABD  A$lcc8629 |    00000ABF  A$lcc8629 |    00000AC1  A$lcc8629
     00000AC2  A$lcc8629 |    00000AC3  A$lcc8629 |    00000AC4  A$lcc8629
     00000AC5  A$lcc8629 |    00000AC6  A$lcc8629 |    00000AC8  A$lcc8629
ASxxxx Linker V03.00 + NoICE + sdld,  page 15.
Hexadecimal  [32-Bits]

Area                       Addr        Size        Decimal Bytes (Attributes)
--------------------       ----        ----        ------- ----- ------------
_CODE                  00000200    0000168C =        5772. bytes (REL,CON)

        Value  Global            Value  Global            Value  Global    
        -----  ------            -----  ------            -----  ------    
     00000AC9  A$lcc8629 |    00000ACA  A$lcc8629 |    00000ACB  A$lcc8629
     00000ACC  A$lcc8629 |    00000ACD  A$lcc8629 |    00000ACF  A$lcc8629
     00000ACF  C$main.c$ |    00000AD1  A$lcc8629 |    00000AD2  A$lcc8629
     00000AD3  A$lcc8629 |    00000AD4  A$lcc8629 |    00000AD5  A$lcc8629
     00000AD7  A$lcc8629 |    00000AD9  A$lcc8629 |    00000ADB  A$lcc8629
     00000ADD  A$lcc8629 |    00000ADF  A$lcc8629 |    00000ADF  C$main.c$
     00000ADF  C$main.c$ |    00000AE1  A$lcc8629 |    00000AE2  A$lcc8629
     00000AE3  A$lcc8629 |    00000AE4  A$lcc8629 |    00000AE5  A$lcc8629
     00000AE7  A$lcc8629 |    00000AE8  A$lcc8629 |    00000AE9  A$lcc8629
     00000AEA  A$lcc8629 |    00000AEB  A$lcc8629 |    00000AEC  A$lcc8629
     00000AEC  C$main.c$ |    00000AEE  A$lcc8629 |    00000AEF  A$lcc8629
     00000AF0  A$lcc8629 |    00000AF1  A$lcc8629 |    00000AF2  A$lcc8629
     00000AF4  A$lcc8629 |    00000AF5  A$lcc8629 |    00000AF6  A$lcc8629
     00000AF7  A$lcc8629 |    00000AF8  A$lcc8629 |    00000AF9  A$lcc8629
     00000AF9  C$main.c$ |    00000AFB  A$lcc8629 |    00000AFB  C$main.c$
     00000AFB  C$main.c$ |    00000AFD  A$lcc8629 |    00000AFE  A$lcc8629
     00000AFF  A$lcc8629 |    00000B00  A$lcc8629 |    00000B01  A$lcc8629
     00000B03  A$lcc8629 |    00000B04  A$lcc8629 |    00000B05  A$lcc8629
     00000B06  A$lcc8629 |    00000B07  A$lcc8629 |    00000B08  A$lcc8629
     00000B08  C$main.c$ |    00000B0A  A$lcc8629 |    00000B0B  A$lcc8629
     00000B0C  A$lcc8629 |    00000B0D  A$lcc8629 |    00000B0E  A$lcc8629
     00000B10  A$lcc8629 |    00000B11  A$lcc8629 |    00000B12  A$lcc8629
     00000B13  A$lcc8629 |    00000B14  A$lcc8629 |    00000B15  A$lcc8629
     00000B15  C$main.c$ |    00000B15  C$main.c$ |    00000B17  A$lcc8629
     00000B18  A$lcc8629 |    00000B1B  A$lcc8629 |    00000B1D  A$lcc8629
     00000B1F  A$lcc8629 |    00000B21  A$lcc8629 |    00000B22  A$lcc8629
     00000B24  A$lcc8629 |    00000B27  A$lcc8629 |    00000B27  C$main.c$
     00000B28  A$lcc8629 |    00000B2A  A$lcc8629 |    00000B2B  A$lcc8629
     00000B2C  A$lcc8629 |    00000B2D  A$lcc8629 |    00000B2E  A$lcc8629
     00000B2F  A$lcc8629 |    00000B30  A$lcc8629 |    00000B31  A$lcc8629
     00000B34  A$lcc8629 |    00000B35  A$lcc8629 |    00000B36  A$lcc8629
     00000B37  A$lcc8629 |    00000B38  A$lcc8629 |    00000B39  A$lcc8629
     00000B3A  A$lcc8629 |    00000B3D  A$lcc8629 |    00000B3E  A$lcc8629
     00000B3F  A$lcc8629 |    00000B40  A$lcc8629 |    00000B42  A$lcc8629
     00000B43  A$lcc8629 |    00000B44  A$lcc8629 |    00000B45  A$lcc8629
     00000B47  A$lcc8629 |    00000B48  A$lcc8629 |    00000B49  A$lcc8629
     00000B4A  A$lcc8629 |    00000B4B  A$lcc8629 |    00000B4C  A$lcc8629
     00000B4D  A$lcc8629 |    00000B4E  A$lcc8629 |    00000B4F  A$lcc8629
     00000B52  A$lcc8629 |    00000B52  C$main.c$ |    00000B53  A$lcc8629
     00000B54  A$lcc8629 |    00000B55  A$lcc8629 |    00000B56  A$lcc8629
     00000B58  A$lcc8629 |    00000B59  A$lcc8629 |    00000B5C  A$lcc8629
     00000B5D  A$lcc8629 |    00000B5E  A$lcc8629 |    00000B5F  A$lcc8629
     00000B60  A$lcc8629 |    00000B60  C$main.c$ |    00000B61  A$lcc8629
     00000B62  A$lcc8629 |    00000B65  A$lcc8629 |    00000B66  A$lcc8629
     00000B67  A$lcc8629 |    00000B68  A$lcc8629 |    00000B6A  A$lcc8629
     00000B6B  A$lcc8629 |    00000B6C  A$lcc8629 |    00000B6D  A$lcc8629
     00000B6F  A$lcc8629 |    00000B70  A$lcc8629 |    00000B70  C$main.c$
     00000B71  A$lcc8629 |    00000B73  A$lcc8629 |    00000B75  A$lcc8629
     00000B75  C$main.c$ |    00000B76  A$lcc8629 |    00000B77  A$lcc8629
     00000B78  A$lcc8629 |    00000B7A  A$lcc8629 |    00000B7A  C$main.c$
     00000B7B  A$lcc8629 |    00000B7C  A$lcc8629 |    00000B7D  A$lcc8629
ASxxxx Linker V03.00 + NoICE + sdld,  page 16.
Hexadecimal  [32-Bits]

Area                       Addr        Size        Decimal Bytes (Attributes)
--------------------       ----        ----        ------- ----- ------------
_CODE                  00000200    0000168C =        5772. bytes (REL,CON)

        Value  Global            Value  Global            Value  Global    
        -----  ------            -----  ------            -----  ------    
     00000B7F  A$lcc8629 |    00000B81  A$lcc8629 |    00000B82  A$lcc8629
     00000B85  A$lcc8629 |    00000B87  A$lcc8629 |    00000B87  C$main.c$
     00000B89  A$lcc8629 |    00000B8A  A$lcc8629 |    00000B8B  A$lcc8629
     00000B8C  A$lcc8629 |    00000B8E  A$lcc8629 |    00000B8E  C$main.c$
     00000B8F  A$lcc8629 |    00000B90  A$lcc8629 |    00000B91  A$lcc8629
     00000B92  A$lcc8629 |    00000B93  A$lcc8629 |    00000B94  A$lcc8629
     00000B95  A$lcc8629 |    00000B97  A$lcc8629 |    00000B98  A$lcc8629
     00000B99  A$lcc8629 |    00000B9A  A$lcc8629 |    00000B9C  A$lcc8629
     00000B9D  A$lcc8629 |    00000B9E  A$lcc8629 |    00000B9F  A$lcc8629
     00000BA0  A$lcc8629 |    00000BA1  A$lcc8629 |    00000BA3  A$lcc8629
     00000BA5  A$lcc8629 |    00000BA6  A$lcc8629 |    00000BA7  A$lcc8629
     00000BA8  A$lcc8629 |    00000BA9  A$lcc8629 |    00000BAB  A$lcc8629
     00000BAC  A$lcc8629 |    00000BAE  A$lcc8629 |    00000BAE  C$main.c$
     00000BB0  A$lcc8629 |    00000BB1  A$lcc8629 |    00000BB2  A$lcc8629
     00000BB3  A$lcc8629 |    00000BB5  A$lcc8629 |    00000BB5  C$main.c$
     00000BB6  A$lcc8629 |    00000BB7  A$lcc8629 |    00000BB8  A$lcc8629
     00000BBA  A$lcc8629 |    00000BBC  A$lcc8629 |    00000BBD  A$lcc8629
     00000BC0  A$lcc8629 |    00000BC2  A$lcc8629 |    00000BC2  C$main.c$
     00000BC4  A$lcc8629 |    00000BC5  A$lcc8629 |    00000BC6  A$lcc8629
     00000BC7  A$lcc8629 |    00000BC9  A$lcc8629 |    00000BC9  C$main.c$
     00000BCA  A$lcc8629 |    00000BCB  A$lcc8629 |    00000BCC  A$lcc8629
     00000BCE  A$lcc8629 |    00000BD0  A$lcc8629 |    00000BD1  A$lcc8629
     00000BD4  A$lcc8629 |    00000BD6  A$lcc8629 |    00000BD7  A$lcc8629
     00000BD8  A$lcc8629 |    00000BD9  A$lcc8629 |    00000BDA  A$lcc8629
     00000BDC  A$lcc8629 |    00000BDD  A$lcc8629 |    00000BDD  C$main.c$
     00000BDE  A$lcc8629 |    00000BDF  A$lcc8629 |    00000BE2  A$lcc8629
     00000BE3  A$lcc8629 |    00000BE4  A$lcc8629 |    00000BE5  A$lcc8629
     00000BE7  A$lcc8629 |    00000BE8  A$lcc8629 |    00000BE9  A$lcc8629
     00000BEA  A$lcc8629 |    00000BEC  A$lcc8629 |    00000BED  A$lcc8629
     00000BED  C$main.c$ |    00000BEF  A$lcc8629 |    00000BF0  A$lcc8629
     00000BF1  A$lcc8629 |    00000BF3  A$lcc8629 |    00000BF3  C$main.c$
     00000BF5  A$lcc8629 |    00000BF6  A$lcc8629 |    00000BF7  A$lcc8629
     00000BF8  A$lcc8629 |    00000BF9  A$lcc8629 |    00000BFA  A$lcc8629
     00000BFB  A$lcc8629 |    00000BFC  A$lcc8629 |    00000BFD  A$lcc8629
     00000BFE  A$lcc8629 |    00000BFF  A$lcc8629 |    00000C01  A$lcc8629
     00000C01  C$main.c$ |    00000C03  A$lcc8629 |    00000C04  A$lcc8629
     00000C05  A$lcc8629 |    00000C07  A$lcc8629 |    00000C08  A$lcc8629
     00000C09  A$lcc8629 |    00000C0A  A$lcc8629 |    00000C0B  A$lcc8629
     00000C0B  C$main.c$ |    00000C0D  A$lcc8629 |    00000C0E  A$lcc8629
     00000C0F  A$lcc8629 |    00000C10  A$lcc8629 |    00000C11  A$lcc8629
     00000C12  A$lcc8629 |    00000C14  A$lcc8629 |    00000C14  C$main.c$
     00000C16  A$lcc8629 |    00000C17  A$lcc8629 |    00000C18  A$lcc8629
     00000C19  A$lcc8629 |    00000C1A  A$lcc8629 |    00000C1B  A$lcc8629
     00000C1C  A$lcc8629 |    00000C1D  A$lcc8629 |    00000C1E  A$lcc8629
     00000C1F  A$lcc8629 |    00000C20  A$lcc8629 |    00000C20  C$main.c$
     00000C22  A$lcc8629 |    00000C23  A$lcc8629 |    00000C24  A$lcc8629
     00000C25  A$lcc8629 |    00000C26  A$lcc8629 |    00000C27  A$lcc8629
     00000C29  A$lcc8629 |    00000C29  C$main.c$ |    00000C2B  A$lcc8629
     00000C2C  A$lcc8629 |    00000C2D  A$lcc8629 |    00000C2E  A$lcc8629
     00000C30  A$lcc8629 |    00000C30  C$main.c$ |    00000C31  A$lcc8629
     00000C32  A$lcc8629 |    00000C33  A$lcc8629 |    00000C34  A$lcc8629
ASxxxx Linker V03.00 + NoICE + sdld,  page 17.
Hexadecimal  [32-Bits]

Area                       Addr        Size        Decimal Bytes (Attributes)
--------------------       ----        ----        ------- ----- ------------
_CODE                  00000200    0000168C =        5772. bytes (REL,CON)

        Value  Global            Value  Global            Value  Global    
        -----  ------            -----  ------            -----  ------    
     00000C36  A$lcc8629 |    00000C36  C$main.c$ |    00000C37  A$lcc8629
     00000C38  A$lcc8629 |    00000C39  A$lcc8629 |    00000C3A  A$lcc8629
     00000C3B  A$lcc8629 |    00000C3D  A$lcc8629 |    00000C3D  C$main.c$
     00000C3F  A$lcc8629 |    00000C40  A$lcc8629 |    00000C41  A$lcc8629
     00000C42  A$lcc8629 |    00000C44  A$lcc8629 |    00000C45  A$lcc8629
     00000C46  A$lcc8629 |    00000C49  A$lcc8629 |    00000C4A  A$lcc8629
     00000C4B  A$lcc8629 |    00000C4C  A$lcc8629 |    00000C4E  A$lcc8629
     00000C4F  A$lcc8629 |    00000C50  A$lcc8629 |    00000C51  A$lcc8629
     00000C53  A$lcc8629 |    00000C54  A$lcc8629 |    00000C55  A$lcc8629
     00000C56  A$lcc8629 |    00000C57  A$lcc8629 |    00000C58  A$lcc8629
     00000C5A  A$lcc8629 |    00000C5B  A$lcc8629 |    00000C5C  A$lcc8629
     00000C5D  A$lcc8629 |    00000C60  A$lcc8629 |    00000C61  A$lcc8629
     00000C62  A$lcc8629 |    00000C63  A$lcc8629 |    00000C65  A$lcc8629
     00000C66  A$lcc8629 |    00000C67  A$lcc8629 |    00000C68  A$lcc8629
     00000C6A  A$lcc8629 |    00000C6B  A$lcc8629 |    00000C6C  A$lcc8629
     00000C6D  A$lcc8629 |    00000C70  A$lcc8629 |    00000C71  A$lcc8629
     00000C72  A$lcc8629 |    00000C73  A$lcc8629 |    00000C75  A$lcc8629
     00000C76  A$lcc8629 |    00000C77  A$lcc8629 |    00000C78  A$lcc8629
     00000C7A  A$lcc8629 |    00000C7B  A$lcc8629 |    00000C7C  A$lcc8629
     00000C7D  A$lcc8629 |    00000C7E  A$lcc8629 |    00000C7F  A$lcc8629
     00000C80  A$lcc8629 |    00000C80  C$main.c$ |    00000C82  A$lcc8629
     00000C83  A$lcc8629 |    00000C85  A$lcc8629 |    00000C87  A$lcc8629
     00000C87  C$main.c$ |    00000C89  A$lcc8629 |    00000C8A  A$lcc8629
     00000C8B  A$lcc8629 |    00000C8C  A$lcc8629 |    00000C8D  A$lcc8629
     00000C8E  A$lcc8629 |    00000C8F  A$lcc8629 |    00000C90  A$lcc8629
     00000C91  A$lcc8629 |    00000C93  A$lcc8629 |    00000C94  A$lcc8629
     00000C95  A$lcc8629 |    00000C96  A$lcc8629 |    00000C99  A$lcc8629
     00000C9B  A$lcc8629 |    00000C9B  C$main.c$ |    00000C9D  A$lcc8629
     00000C9E  A$lcc8629 |    00000C9F  A$lcc8629 |    00000CA0  A$lcc8629
     00000CA2  A$lcc8629 |    00000CA2  C$main.c$ |    00000CA4  A$lcc8629
     00000CA5  A$lcc8629 |    00000CA6  A$lcc8629 |    00000CA7  A$lcc8629
     00000CA8  A$lcc8629 |    00000CA9  A$lcc8629 |    00000CAB  A$lcc8629
     00000CAC  A$lcc8629 |    00000CAD  A$lcc8629 |    00000CAE  A$lcc8629
     00000CAF  A$lcc8629 |    00000CB0  A$lcc8629 |    00000CB1  A$lcc8629
     00000CB2  A$lcc8629 |    00000CB3  A$lcc8629 |    00000CB6  A$lcc8629
     00000CB7  A$lcc8629 |    00000CB8  A$lcc8629 |    00000CBA  A$lcc8629
     00000CBB  A$lcc8629 |    00000CBC  A$lcc8629 |    00000CBD  A$lcc8629
     00000CBE  A$lcc8629 |    00000CC0  A$lcc8629 |    00000CC0  C$main.c$
     00000CC1  A$lcc8629 |    00000CC3  A$lcc8629 |    00000CC5  A$lcc8629
     00000CC5  C$main.c$ |    00000CC7  A$lcc8629 |    00000CC8  A$lcc8629
     00000CC9  A$lcc8629 |    00000CCA  A$lcc8629 |    00000CCB  A$lcc8629
     00000CCC  A$lcc8629 |    00000CCD  A$lcc8629 |    00000CCE  A$lcc8629
     00000CCF  A$lcc8629 |    00000CD1  A$lcc8629 |    00000CD2  A$lcc8629
     00000CD3  A$lcc8629 |    00000CD4  A$lcc8629 |    00000CD7  A$lcc8629
     00000CD9  A$lcc8629 |    00000CD9  C$main.c$ |    00000CDB  A$lcc8629
     00000CDC  A$lcc8629 |    00000CDD  A$lcc8629 |    00000CDE  A$lcc8629
     00000CE0  A$lcc8629 |    00000CE0  C$main.c$ |    00000CE2  A$lcc8629
     00000CE3  A$lcc8629 |    00000CE4  A$lcc8629 |    00000CE5  A$lcc8629
     00000CE6  A$lcc8629 |    00000CE7  A$lcc8629 |    00000CE9  A$lcc8629
     00000CEA  A$lcc8629 |    00000CEB  A$lcc8629 |    00000CEC  A$lcc8629
     00000CED  A$lcc8629 |    00000CEE  A$lcc8629 |    00000CEF  A$lcc8629
ASxxxx Linker V03.00 + NoICE + sdld,  page 18.
Hexadecimal  [32-Bits]

Area                       Addr        Size        Decimal Bytes (Attributes)
--------------------       ----        ----        ------- ----- ------------
_CODE                  00000200    0000168C =        5772. bytes (REL,CON)

        Value  Global            Value  Global            Value  Global    
        -----  ------            -----  ------            -----  ------    
     00000CF0  A$lcc8629 |    00000CF1  A$lcc8629 |    00000CF4  A$lcc8629
     00000CF5  A$lcc8629 |    00000CF6  A$lcc8629 |    00000CF8  A$lcc8629
     00000CF9  A$lcc8629 |    00000CFA  A$lcc8629 |    00000CFB  A$lcc8629
     00000CFC  A$lcc8629 |    00000CFC  C$main.c$ |    00000CFE  A$lcc8629
     00000CFF  A$lcc8629 |    00000D00  A$lcc8629 |    00000D01  A$lcc8629
     00000D02  A$lcc8629 |    00000D04  A$lcc8629 |    00000D05  A$lcc8629
     00000D07  A$lcc8629 |    00000D08  A$lcc8629 |    00000D09  A$lcc8629
     00000D0A  A$lcc8629 |    00000D0B  A$lcc8629 |    00000D0D  A$lcc8629
     00000D0E  A$lcc8629 |    00000D0F  A$lcc8629 |    00000D10  A$lcc8629
     00000D11  A$lcc8629 |    00000D12  A$lcc8629 |    00000D13  A$lcc8629
     00000D14  A$lcc8629 |    00000D16  A$lcc8629 |    00000D17  A$lcc8629
     00000D17  C$main.c$ |    00000D18  A$lcc8629 |    00000D19  A$lcc8629
     00000D1C  A$lcc8629 |    00000D1D  A$lcc8629 |    00000D1E  A$lcc8629
     00000D1F  A$lcc8629 |    00000D21  A$lcc8629 |    00000D22  A$lcc8629
     00000D23  A$lcc8629 |    00000D24  A$lcc8629 |    00000D26  A$lcc8629
     00000D27  A$lcc8629 |    00000D27  C$main.c$ |    00000D28  A$lcc8629
     00000D29  A$lcc8629 |    00000D2C  A$lcc8629 |    00000D2D  A$lcc8629
     00000D2E  A$lcc8629 |    00000D2F  A$lcc8629 |    00000D31  A$lcc8629
     00000D32  A$lcc8629 |    00000D33  A$lcc8629 |    00000D34  A$lcc8629
     00000D36  A$lcc8629 |    00000D37  A$lcc8629 |    00000D37  C$main.c$
     00000D39  A$lcc8629 |    00000D3A  A$lcc8629 |    00000D3B  A$lcc8629
     00000D3E  A$lcc8629 |    00000D3E  C$main.c$ |    00000D40  A$lcc8629
     00000D41  A$lcc8629 |    00000D42  A$lcc8629 |    00000D43  A$lcc8629
     00000D44  A$lcc8629 |    00000D45  A$lcc8629 |    00000D46  A$lcc8629
     00000D48  A$lcc8629 |    00000D49  A$lcc8629 |    00000D4A  A$lcc8629
     00000D4B  A$lcc8629 |    00000D4C  A$lcc8629 |    00000D4F  A$lcc8629
     00000D51  A$lcc8629 |    00000D51  C$main.c$ |    00000D53  A$lcc8629
     00000D54  A$lcc8629 |    00000D55  A$lcc8629 |    00000D56  A$lcc8629
     00000D57  A$lcc8629 |    00000D59  A$lcc8629 |    00000D5A  A$lcc8629
     00000D5C  A$lcc8629 |    00000D5D  A$lcc8629 |    00000D60  A$lcc8629
     00000D62  A$lcc8629 |    00000D63  A$lcc8629 |    00000D64  A$lcc8629
     00000D65  A$lcc8629 |    00000D66  A$lcc8629 |    00000D67  A$lcc8629
     00000D68  A$lcc8629 |    00000D69  A$lcc8629 |    00000D6A  A$lcc8629
     00000D6B  A$lcc8629 |    00000D6C  A$lcc8629 |    00000D6C  C$main.c$
     00000D6E  A$lcc8629 |    00000D6F  A$lcc8629 |    00000D70  A$lcc8629
     00000D71  A$lcc8629 |    00000D72  A$lcc8629 |    00000D73  A$lcc8629
     00000D75  A$lcc8629 |    00000D76  A$lcc8629 |    00000D77  A$lcc8629
     00000D78  A$lcc8629 |    00000D79  A$lcc8629 |    00000D7A  A$lcc8629
     00000D7B  A$lcc8629 |    00000D7C  A$lcc8629 |    00000D7D  A$lcc8629
     00000D80  A$lcc8629 |    00000D81  A$lcc8629 |    00000D82  A$lcc8629
     00000D84  A$lcc8629 |    00000D85  A$lcc8629 |    00000D86  A$lcc8629
     00000D87  A$lcc8629 |    00000D88  A$lcc8629 |    00000D88  C$main.c$
     00000D8A  A$lcc8629 |    00000D8B  A$lcc8629 |    00000D8C  A$lcc8629
     00000D8D  A$lcc8629 |    00000D8E  A$lcc8629 |    00000D8F  A$lcc8629
     00000D91  A$lcc8629 |    00000D92  A$lcc8629 |    00000D93  A$lcc8629
     00000D94  A$lcc8629 |    00000D95  A$lcc8629 |    00000D96  A$lcc8629
     00000D97  A$lcc8629 |    00000D98  A$lcc8629 |    00000D99  A$lcc8629
     00000D9A  A$lcc8629 |    00000D9B  A$lcc8629 |    00000D9C  A$lcc8629
     00000D9F  A$lcc8629 |    00000DA1  A$lcc8629 |    00000DA1  C$main.c$
     00000DA3  A$lcc8629 |    00000DA4  A$lcc8629 |    00000DA5  A$lcc8629
     00000DA6  A$lcc8629 |    00000DA7  A$lcc8629 |    00000DA8  A$lcc8629
ASxxxx Linker V03.00 + NoICE + sdld,  page 19.
Hexadecimal  [32-Bits]

Area                       Addr        Size        Decimal Bytes (Attributes)
--------------------       ----        ----        ------- ----- ------------
_CODE                  00000200    0000168C =        5772. bytes (REL,CON)

        Value  Global            Value  Global            Value  Global    
        -----  ------            -----  ------            -----  ------    
     00000DA9  A$lcc8629 |    00000DAB  A$lcc8629 |    00000DAC  A$lcc8629
     00000DAF  A$lcc8629 |    00000DB0  A$lcc8629 |    00000DB1  A$lcc8629
     00000DB2  A$lcc8629 |    00000DB4  A$lcc8629 |    00000DB5  A$lcc8629
     00000DB6  A$lcc8629 |    00000DB7  A$lcc8629 |    00000DB8  A$lcc8629
     00000DB8  C$main.c$ |    00000DBA  A$lcc8629 |    00000DBB  A$lcc8629
     00000DBC  A$lcc8629 |    00000DBD  A$lcc8629 |    00000DBE  A$lcc8629
     00000DBF  A$lcc8629 |    00000DC1  A$lcc8629 |    00000DC2  A$lcc8629
     00000DC3  A$lcc8629 |    00000DC4  A$lcc8629 |    00000DC5  A$lcc8629
     00000DC6  A$lcc8629 |    00000DC7  A$lcc8629 |    00000DC8  A$lcc8629
     00000DC9  A$lcc8629 |    00000DCC  A$lcc8629 |    00000DCD  A$lcc8629
     00000DCE  A$lcc8629 |    00000DD0  A$lcc8629 |    00000DD1  A$lcc8629
     00000DD2  A$lcc8629 |    00000DD3  A$lcc8629 |    00000DD4  A$lcc8629
     00000DD4  C$main.c$ |    00000DD6  A$lcc8629 |    00000DD7  A$lcc8629
     00000DD8  A$lcc8629 |    00000DD9  A$lcc8629 |    00000DDA  A$lcc8629
     00000DDB  A$lcc8629 |    00000DDD  A$lcc8629 |    00000DDE  A$lcc8629
     00000DDF  A$lcc8629 |    00000DE0  A$lcc8629 |    00000DE1  A$lcc8629
     00000DE2  A$lcc8629 |    00000DE3  A$lcc8629 |    00000DE4  A$lcc8629
     00000DE5  A$lcc8629 |    00000DE6  A$lcc8629 |    00000DE7  A$lcc8629
     00000DE8  A$lcc8629 |    00000DEB  A$lcc8629 |    00000DED  A$lcc8629
     00000DED  C$main.c$ |    00000DEF  A$lcc8629 |    00000DF0  A$lcc8629
     00000DF1  A$lcc8629 |    00000DF2  A$lcc8629 |    00000DF3  A$lcc8629
     00000DF4  A$lcc8629 |    00000DF5  A$lcc8629 |    00000DF7  A$lcc8629
     00000DF8  A$lcc8629 |    00000DFB  A$lcc8629 |    00000DFC  A$lcc8629
     00000DFD  A$lcc8629 |    00000DFE  A$lcc8629 |    00000DFF  A$lcc8629
     00000E00  A$lcc8629 |    00000E02  A$lcc8629 |    00000E03  A$lcc8629
     00000E04  A$lcc8629 |    00000E05  A$lcc8629 |    00000E06  A$lcc8629
     00000E06  C$main.c$ |    00000E08  A$lcc8629 |    00000E09  A$lcc8629
     00000E0A  A$lcc8629 |    00000E0B  A$lcc8629 |    00000E0C  A$lcc8629
     00000E0D  A$lcc8629 |    00000E0F  A$lcc8629 |    00000E10  A$lcc8629
     00000E11  A$lcc8629 |    00000E12  A$lcc8629 |    00000E13  A$lcc8629
     00000E14  A$lcc8629 |    00000E15  A$lcc8629 |    00000E16  A$lcc8629
     00000E17  A$lcc8629 |    00000E1A  A$lcc8629 |    00000E1B  A$lcc8629
     00000E1C  A$lcc8629 |    00000E1E  A$lcc8629 |    00000E1F  A$lcc8629
     00000E20  A$lcc8629 |    00000E21  A$lcc8629 |    00000E22  A$lcc8629
     00000E22  C$main.c$ |    00000E24  A$lcc8629 |    00000E25  A$lcc8629
     00000E26  A$lcc8629 |    00000E27  A$lcc8629 |    00000E28  A$lcc8629
     00000E29  A$lcc8629 |    00000E2B  A$lcc8629 |    00000E2C  A$lcc8629
     00000E2D  A$lcc8629 |    00000E2E  A$lcc8629 |    00000E2F  A$lcc8629
     00000E30  A$lcc8629 |    00000E31  A$lcc8629 |    00000E32  A$lcc8629
     00000E33  A$lcc8629 |    00000E34  A$lcc8629 |    00000E35  A$lcc8629
     00000E36  A$lcc8629 |    00000E39  A$lcc8629 |    00000E3B  A$lcc8629
     00000E3B  C$main.c$ |    00000E3D  A$lcc8629 |    00000E3E  A$lcc8629
     00000E3F  A$lcc8629 |    00000E40  A$lcc8629 |    00000E41  A$lcc8629
     00000E43  A$lcc8629 |    00000E44  A$lcc8629 |    00000E46  A$lcc8629
     00000E47  A$lcc8629 |    00000E4A  A$lcc8629 |    00000E4C  A$lcc8629
     00000E4D  A$lcc8629 |    00000E4F  A$lcc8629 |    00000E50  A$lcc8629
     00000E51  A$lcc8629 |    00000E52  A$lcc8629 |    00000E53  A$lcc8629
     00000E54  A$lcc8629 |    00000E55  A$lcc8629 |    00000E56  A$lcc8629
     00000E57  A$lcc8629 |    00000E57  C$main.c$ |    00000E59  A$lcc8629
     00000E5A  A$lcc8629 |    00000E5B  A$lcc8629 |    00000E5C  A$lcc8629
     00000E5D  A$lcc8629 |    00000E5E  A$lcc8629 |    00000E60  A$lcc8629
ASxxxx Linker V03.00 + NoICE + sdld,  page 20.
Hexadecimal  [32-Bits]

Area                       Addr        Size        Decimal Bytes (Attributes)
--------------------       ----        ----        ------- ----- ------------
_CODE                  00000200    0000168C =        5772. bytes (REL,CON)

        Value  Global            Value  Global            Value  Global    
        -----  ------            -----  ------            -----  ------    
     00000E61  A$lcc8629 |    00000E62  A$lcc8629 |    00000E63  A$lcc8629
     00000E64  A$lcc8629 |    00000E65  A$lcc8629 |    00000E66  A$lcc8629
     00000E67  A$lcc8629 |    00000E68  A$lcc8629 |    00000E6B  A$lcc8629
     00000E6C  A$lcc8629 |    00000E6D  A$lcc8629 |    00000E6F  A$lcc8629
     00000E70  A$lcc8629 |    00000E71  A$lcc8629 |    00000E72  A$lcc8629
     00000E73  A$lcc8629 |    00000E76  A$lcc8629 |    00000E76  C$main.c$
     00000E78  A$lcc8629 |    00000E79  A$lcc8629 |    00000E7A  A$lcc8629
     00000E7B  A$lcc8629 |    00000E7C  A$lcc8629 |    00000E7D  A$lcc8629
     00000E7F  A$lcc8629 |    00000E80  A$lcc8629 |    00000E81  A$lcc8629
     00000E83  A$lcc8629 |    00000E83  C$main.c$ |    00000E85  A$lcc8629
     00000E86  A$lcc8629 |    00000E87  A$lcc8629 |    00000E88  A$lcc8629
     00000E89  A$lcc8629 |    00000E8A  A$lcc8629 |    00000E8B  A$lcc8629
     00000E8D  A$lcc8629 |    00000E8E  A$lcc8629 |    00000E8F  A$lcc8629
[...]
     000015D4  A$lcc8629 |    000015D5  A$lcc8629 |    000015D7  A$lcc8629
     000015D8  A$lcc8629 |    000015D9  A$lcc8629 |    000015DA  A$lcc8629
     000015DB  A$lcc8629 |    000015DC  A$lcc8629 |    000015DF  A$lcc8629
     000015E0  A$lcc8629 |    000015E1  A$lcc8629 |    000015E2  A$lcc8629
     000015E3  A$lcc8629 |    000015E3  C$main.c$ |    000015E5  A$lcc8629
     000015E6  A$lcc8629 |    000015E7  A$lcc8629 |    000015E8  A$lcc8629
     000015EB  A$lcc8629 |    000015EC  A$lcc8629 |    000015ED  A$lcc8629
     000015EF  A$lcc8629 |    000015F1  A$lcc8629 |    000015F4  A$lcc8629
     000015F5  A$lcc8629 |    000015F6  A$lcc8629 |    000015F6  C$main.c$
     000015F8  A$lcc8629 |    000015F9  A$lcc8629 |    000015FA  A$lcc8629
     000015FB  A$lcc8629 |    000015FE  A$lcc8629 |    000015FF  A$lcc8629
     00001600  A$lcc8629 |    00001601  A$lcc8629 |    00001603  A$lcc8629
     00001604  A$lcc8629 |    00001605  A$lcc8629 |    00001606  A$lcc8629
     00001608  A$lcc8629 |    00001609  A$lcc8629 |    0000160A  A$lcc8629
     0000160B  A$lcc8629 |    0000160C  A$lcc8629 |    0000160D  A$lcc8629
     0000160E  A$lcc8629 |    0000160F  A$lcc8629 |    00001611  A$lcc8629
     00001612  A$lcc8629 |    00001613  A$lcc8629 |    00001615  A$lcc8629
     00001616  A$lcc8629 |    00001617  A$lcc8629 |    00001618  A$lcc8629
     00001619  A$lcc8629 |    0000161A  A$lcc8629 |    0000161B  A$lcc8629
     0000161C  A$lcc8629 |    0000161F  A$lcc8629 |    00001620  A$lcc8629
     00001621  A$lcc8629 |    00001622  A$lcc8629 |    00001624  A$lcc8629
     00001626  A$lcc8629 |    00001626  C$main.c$ |    00001627  A$lcc8629
     00001628  A$lcc8629 |    0000162A  A$lcc8629 |    0000162B  A$lcc8629
     0000162E  A$lcc8629 |    0000162F  A$lcc8629 |    00001630  A$lcc8629
     00001631  A$lcc8629 |    00001631  C$main.c$ |    00001632  A$lcc8629
     00001634  A$lcc8629 |    00001635  A$lcc8629 |    00001638  A$lcc8629
     00001639  A$lcc8629 |    0000163B  A$lcc8629 |    0000163C  A$lcc8629
     0000163D  A$lcc8629 |    0000163E  A$lcc8629 |    0000163F  A$lcc8629
     00001640  A$lcc8629 |    00001641  A$lcc8629 |    00001643  A$lcc8629
     00001643  C$main.c$ |    00001645  A$lcc8629 |    00001646  A$lcc8629
     00001649  A$lcc8629 |    0000164B  A$lcc8629 |    0000164B  C$main.c$
ASxxxx Linker V03.00 + NoICE + sdld,  page 31.
Hexadecimal  [32-Bits]

Area                       Addr        Size        Decimal Bytes (Attributes)
--------------------       ----        ----        ------- ----- ------------
_CODE                  00000200    0000168C =        5772. bytes (REL,CON)

        Value  Global            Value  Global            Value  Global    
        -----  ------            -----  ------            -----  ------    
     0000164B  XG$initSi |    0000164C  A$lcc8629 |    0000164C  C$main.c$
     0000164C  C$main.c$ |    0000164C  G$cgb_che |    0000164C  _cgb_chec
     0000164F  A$lcc8629 |    00001650  A$lcc8629 |    00001652  A$lcc8629
     00001655  A$lcc8629 |    00001655  C$main.c$ |    00001655  C$main.c$
     00001655  XG$cgb_ch |    00001656  A$lcc8629 |    00001656  C$main.c$
     00001656  C$main.c$ |    00001656  G$main$0$ |    00001656  _main    
     00001658  A$lcc8629 |    0000165A  A$lcc8629 |    0000165C  A$lcc8629
     0000165C  C$main.c$ |    0000165E  A$lcc8629 |    00001660  A$lcc8629
     00001662  A$lcc8629 |    00001662  C$main.c$ |    00001665  A$lcc8629
     00001666  A$lcc8629 |    00001668  A$lcc8629 |    00001669  A$lcc8629
     0000166A  A$lcc8629 |    0000166B  A$lcc8629 |    0000166C  A$lcc8629
     0000166D  A$lcc8629 |    00001670  A$lcc8629 |    00001672  A$lcc8629
     00001672  C$main.c$ |    00001675  A$lcc8629 |    00001675  C$main.c$
     00001675  C$main.c$ |    00001678  A$lcc8629 |    00001679  A$lcc8629
     00001679  C$main.c$ |    0000167B  A$lcc8629 |    0000167D  A$lcc8629
     0000167D  C$main.c$ |    0000167E  A$lcc8629 |    00001681  A$lcc8629
     00001682  A$lcc8629 |    00001682  C$main.c$ |    00001684  A$lcc8629
     00001686  A$lcc8629 |    00001688  A$lcc8629 |    0000168A  A$lcc8629
     0000168C  A$lcc8629 |    0000168C  C$main.c$ |    0000168E  A$lcc8629
     0000168E  C$main.c$ |    00001690  A$lcc8629 |    00001692  A$lcc8629
     00001694  A$lcc8629 |    00001696  A$lcc8629 |    00001698  A$lcc8629
     00001698  C$main.c$ |    00001698  C$main.c$ |    0000169A  A$lcc8629
     0000169C  A$lcc8629 |    0000169E  A$lcc8629 |    000016A0  A$lcc8629
     000016A2  A$lcc8629 |    000016A2  C$main.c$ |    000016A4  A$lcc8629
     000016A4  C$main.c$ |    000016A6  A$lcc8629 |    000016A8  A$lcc8629
     000016AA  A$lcc8629 |    000016AC  A$lcc8629 |    000016AE  A$lcc8629
     000016AE  C$main.c$ |    000016AE  C$main.c$ |    000016B1  A$lcc8629
     000016B1  C$main.c$ |    000016B1  XG$main$0 |    000016B3  _get_vram
     000016BB  _get_win_ |    000016C3  _get_bkg_ |    000016EA  _arand   
     00001716  _initaran |    00001741  _set_vram |    00001750  _set_win_
     00001758  _set_bkg_ |    00001782  _cpu_slow |    0000179D  _cpu_fast
     000017A4  __divsuch |    000017AA  __modsuch |    000017B3  __divusch
     000017BC  __modusch |    000017C9  __divscha |    000017CE  __modscha
     000017D5  __divsint |    000017DE  __modsint |    000017EA  __divucha
     000017EF  __moducha |    000017F6  __divuint |    000017FF  __moduint
     0000180B  .div8     |    0000180B  .mod8     |    00001813  .div16   
     00001813  .mod16    |    00001849  .divu8    |    00001849  .modu8   
     0000184C  .divu16   |    0000184C  .modu16  
ASxxxx Linker V03.00 + NoICE + sdld,  page 32.
Hexadecimal  [32-Bits]

Area                       Addr        Size        Decimal Bytes (Attributes)
--------------------       ----        ----        ------- ----- ------------
_HEADER0               00000000    00000001 =           1. bytes (ABS,CON)

        Value  Global            Value  Global            Value  Global    
        -----  ------            -----  ------            -----  ------    
     00000020  .call_hl 
ASxxxx Linker V03.00 + NoICE + sdld,  page 33.
Hexadecimal  [32-Bits]

Area                       Addr        Size        Decimal Bytes (Attributes)
--------------------       ----        ----        ------- ----- ------------
_HEADER1               00000000    00000005 =           5. bytes (ABS,CON)

        Value  Global            Value  Global            Value  Global    
        -----  ------            -----  ------            -----  ------    
     00000028  .MemsetSm
ASxxxx Linker V03.00 + NoICE + sdld,  page 34.
Hexadecimal  [32-Bits]

Area                       Addr        Size        Decimal Bytes (Attributes)
--------------------       ----        ----        ------- ----- ------------
_HEADER2               00000000    00000007 =           7. bytes (ABS,CON)

        Value  Global            Value  Global            Value  Global    
        -----  ------            -----  ------            -----  ------    
     00000030  .MemcpySm
ASxxxx Linker V03.00 + NoICE + sdld,  page 35.
Hexadecimal  [32-Bits]

Area                       Addr        Size        Decimal Bytes (Attributes)
--------------------       ----        ----        ------- ----- ------------
_HEADER3               00000000    00000008 =           8. bytes (ABS,CON)

        Value  Global            Value  Global            Value  Global    
        -----  ------            -----  ------            -----  ------    
ASxxxx Linker V03.00 + NoICE + sdld,  page 36.
Hexadecimal  [32-Bits]

Area                       Addr        Size        Decimal Bytes (Attributes)
--------------------       ----        ----        ------- ----- ------------
_HEADER4               00000000    0000004C =          76. bytes (ABS,CON)

        Value  Global            Value  Global            Value  Global    
        -----  ------            -----  ------            -----  ------    
     00000080  .int      |    0000008F  _wait_int |    0000009C  __standar
     000000AC  _refresh_
ASxxxx Linker V03.00 + NoICE + sdld,  page 37.
Hexadecimal  [32-Bits]

Area                       Addr        Size        Decimal Bytes (Attributes)
--------------------       ----        ----        ------- ----- ------------
_HEADER5               00000000    00000002 =           2. bytes (ABS,CON)

        Value  Global            Value  Global            Value  Global    
        -----  ------            -----  ------            -----  ------    
ASxxxx Linker V03.00 + NoICE + sdld,  page 38.
Hexadecimal  [32-Bits]

Area                       Addr        Size        Decimal Bytes (Attributes)
--------------------       ----        ----        ------- ----- ------------
_HEADER6               00000000    00000030 =          48. bytes (ABS,CON)

        Value  Global            Value  Global            Value  Global    
        -----  ------            -----  ------            -----  ------    
ASxxxx Linker V03.00 + NoICE + sdld,  page 39.
Hexadecimal  [32-Bits]

Area                       Addr        Size        Decimal Bytes (Attributes)
--------------------       ----        ----        ------- ----- ------------
_HEADER7               00000000    00000006 =           6. bytes (ABS,CON)

        Value  Global            Value  Global            Value  Global    
        -----  ------            -----  ------            -----  ------    
ASxxxx Linker V03.00 + NoICE + sdld,  page 40.
Hexadecimal  [32-Bits]

Area                       Addr        Size        Decimal Bytes (Attributes)
--------------------       ----        ----        ------- ----- ------------
_HEADER8               00000000    00000003 =           3. bytes (ABS,CON)

        Value  Global            Value  Global            Value  Global    
        -----  ------            -----  ------            -----  ------    
ASxxxx Linker V03.00 + NoICE + sdld,  page 41.
Hexadecimal  [32-Bits]

Area                       Addr        Size        Decimal Bytes (Attributes)
--------------------       ----        ----        ------- ----- ------------
_HEADER9               00000000    00000001 =           1. bytes (ABS,CON)

        Value  Global            Value  Global            Value  Global    
        -----  ------            -----  ------            -----  ------    
ASxxxx Linker V03.00 + NoICE + sdld,  page 42.
Hexadecimal  [32-Bits]

Area                       Addr        Size        Decimal Bytes (Attributes)
--------------------       ----        ----        ------- ----- ------------
_HEADERa               00000000    00000001 =           1. bytes (ABS,CON)

        Value  Global            Value  Global            Value  Global    
        -----  ------            -----  ------            -----  ------    
ASxxxx Linker V03.00 + NoICE + sdld,  page 43.
Hexadecimal  [32-Bits]

Area                       Addr        Size        Decimal Bytes (Attributes)
--------------------       ----        ----        ------- ----- ------------
_HEADERb               00000000    00000001 =           1. bytes (ABS,CON)

        Value  Global            Value  Global            Value  Global    
        -----  ------            -----  ------            -----  ------    
ASxxxx Linker V03.00 + NoICE + sdld,  page 44.
Hexadecimal  [32-Bits]

Area                       Addr        Size        Decimal Bytes (Attributes)
--------------------       ----        ----        ------- ----- ------------
_HEADERc               00000000    00000002 =           2. bytes (ABS,CON)

        Value  Global            Value  Global            Value  Global    
        -----  ------            -----  ------            -----  ------    
ASxxxx Linker V03.00 + NoICE + sdld,  page 45.
Hexadecimal  [32-Bits]

Area                       Addr        Size        Decimal Bytes (Attributes)
--------------------       ----        ----        ------- ----- ------------
_HEADERd               00000000    00000001 =           1. bytes (ABS,CON)

        Value  Global            Value  Global            Value  Global    
        -----  ------            -----  ------            -----  ------    
ASxxxx Linker V03.00 + NoICE + sdld,  page 46.
Hexadecimal  [32-Bits]

Area                       Addr        Size        Decimal Bytes (Attributes)
--------------------       ----        ----        ------- ----- ------------
_HEADERe               00000000    00000001 =           1. bytes (ABS,CON)

        Value  Global            Value  Global            Value  Global    
        -----  ------            -----  ------            -----  ------    
ASxxxx Linker V03.00 + NoICE + sdld,  page 47.
Hexadecimal  [32-Bits]

Area                       Addr        Size        Decimal Bytes (Attributes)
--------------------       ----        ----        ------- ----- ------------
_HEADERf               00000000    00000002 =           2. bytes (ABS,CON)

        Value  Global            Value  Global            Value  Global    
        -----  ------            -----  ------            -----  ------    
ASxxxx Linker V03.00 + NoICE + sdld,  page 48.
Hexadecimal  [32-Bits]

Area                       Addr        Size        Decimal Bytes (Attributes)
--------------------       ----        ----        ------- ----- ------------
_HEADER10              00000000    00000084 =         132. bytes (ABS,CON)

        Value  Global            Value  Global            Value  Global    
        -----  ------            -----  ------            -----  ------    
     00000150  .reset    |    00000150  _reset    |    00000157  .code_sta
     000001B9  _exit     |    000001BD  _set_inte
ASxxxx Linker V03.00 + NoICE + sdld,  page 49.
Hexadecimal  [32-Bits]

Area                       Addr        Size        Decimal Bytes (Attributes)
--------------------       ----        ----        ------- ----- ------------
_HEADER11              00000000    00000001 =           1. bytes (ABS,CON)

        Value  Global            Value  Global            Value  Global    
        -----  ------            -----  ------            -----  ------    
ASxxxx Linker V03.00 + NoICE + sdld,  page 50.
Hexadecimal  [32-Bits]

Area                       Addr        Size        Decimal Bytes (Attributes)
--------------------       ----        ----        ------- ----- ------------
_HOME                  0000188C    00000145 =         325. bytes (REL,CON)

        Value  Global            Value  Global            Value  Global    
        -----  ------            -----  ------            -----  ------    
     0000188C  .memset_s |    00001895  .memcpy_s |    000018B2  .remove_V
     000018B5  .remove_i |    000018D2  .add_VBL  |    000018D5  .add_int 
     000018E0  .wait_vbl |    000018E0  _wait_vbl |    000018F0  .display_
     000018F0  _display_ |    00001908  _remove_V |    00001913  _add_VBL 
     0000191E  .padup    |    0000191E  _waitpadu |    0000192E  .jpad    
     0000192E  _joypad   |    00001956  _waitpad  |    00001957  .wait_pad
     0000195E  _set_tile |    00001963  _set_bkg_ |    00001963  _set_win_
     0000196B  _set_spri |    0000199B  _rand     |    0000199B  _randw   
     000019C6  _initrand |    000019C8  .initrand
ASxxxx Linker V03.00 + NoICE + sdld,  page 51.
Hexadecimal  [32-Bits]

Area                       Addr        Size        Decimal Bytes (Attributes)
--------------------       ----        ----        ------- ----- ------------
_INITIALIZER           000019D1    000000A0 =         160. bytes (REL,CON)

        Value  Global            Value  Global            Value  Global    
        -----  ------            -----  ------            -----  ------    
     000019D1  Fgraphics
ASxxxx Linker V03.00 + NoICE + sdld,  page 52.
Hexadecimal  [32-Bits]

Area                       Addr        Size        Decimal Bytes (Attributes)
--------------------       ----        ----        ------- ----- ------------
_GSINIT                00001A71    0000000C =          12. bytes (REL,CON)

        Value  Global            Value  Global            Value  Global    
        -----  ------            -----  ------            -----  ------    
     00001A71  gsinit   
ASxxxx Linker V03.00 + NoICE + sdld,  page 53.
Hexadecimal  [32-Bits]

Area                       Addr        Size        Decimal Bytes (Attributes)
--------------------       ----        ----        ------- ----- ------------
_GSFINAL               00001A7D    00000001 =           1. bytes (REL,CON)

        Value  Global            Value  Global            Value  Global    
        -----  ------            -----  ------            -----  ------    
ASxxxx Linker V03.00 + NoICE + sdld,  page 54.
Hexadecimal  [32-Bits]

Area                       Addr        Size        Decimal Bytes (Attributes)
--------------------       ----        ----        ------- ----- ------------
_DATA                  0000C0A0    00000786 =        1926. bytes (REL,CON)

        Value  Global            Value  Global            Value  Global    
        -----  ------            -----  ------            -----  ------    
     0000C0A0  __cpu     |    0000C0A1  __is_GBA  |    0000C0A2  .mode    
     0000C0A3  .sys_time |    0000C0A3  _sys_time |    0000C0A5  .int_0x40
     0000C0B1  G$wolves$ |    0000C0B1  _wolves   |    0000C36D  G$goats$0
     0000C36D  _goats    |    0000C629  G$trees$0 |    0000C629  _trees   
     0000C824  ___rand_s
ASxxxx Linker V03.00 + NoICE + sdld,  page 55.
Hexadecimal  [32-Bits]

Area                       Addr        Size        Decimal Bytes (Attributes)
--------------------       ----        ----        ------- ----- ------------
_INITIALIZED           0000C826    000000A0 =         160. bytes (REL,CON)

        Value  Global            Value  Global            Value  Global    
        -----  ------            -----  ------            -----  ------    
     0000C826  G$graphic |    0000C826  _graphics
ASxxxx Linker V03.00 + NoICE + sdld,  page 56.
Hexadecimal  [32-Bits]

Area                       Addr        Size        Decimal Bytes (Attributes)
--------------------       ----        ----        ------- ----- ------------
_HRAM12                00000000    00000003 =           3. bytes (ABS,CON)

        Value  Global            Value  Global            Value  Global    
        -----  ------            -----  ------            -----  ------    
     0000FF90  __current |    0000FF92  __shadow_
ASxxxx Linker V03.00 + NoICE + sdld,  page 57.

Files Linked                              [ module(s) ]

C:\gbdk\lib/gb/crt0.o                     [ Runtime ]
C:\Users\barry\AppData\Local\Temp/lcc8629720.o
                                          [ graphics ]
C:\Users\barry\AppData\Local\Temp/lcc8629721.o
                                          [ main ]


Libraries Linked                          [ object file ]

C:\gbdk\lib/gb/gb.lib                     [ sfr.o ]
C:\gbdk\lib/gb/gb.lib                     [ get_tile.o ]
C:\gbdk\lib/sm83/sm83.lib                 [ arand.o ]
C:\gbdk\lib/gb/gb.lib                     [ set_tile.o ]
C:\gbdk\lib/gb/gb.lib                     [ pad.o ]
C:\gbdk\lib/gb/gb.lib                     [ cgb.o ]
C:\gbdk\lib/gb/gb.lib                     [ set_data.o ]
C:\gbdk\lib/sm83/sm83.lib                 [ div.o ]
C:\gbdk\lib/sm83/sm83.lib                 [ rand.o ]

ASxxxx Linker V03.00 + NoICE + sdld,  page 58.

User Base Address Definitions

_DATA=0xC0A0
_CODE=0x0200
ASxxxx Linker V03.00 + NoICE + sdld,  page 59.

User Global Definitions

_shadow_OAM=0xC000
.STACK=0xE000
.refresh_OAM=0xFF80

